# fcc cap=26 mode=quot16 start=XyyxYYY | xYXXyxx
layer 1 new=14 total=15 t=0.0s
layer 2 new=136 total=151 t=0.0s
layer 3 new=1003 total=1154 t=0.0s
layer 4 new=5255 total=6409 t=0.0s
layer 5 new=20748 total=27157 t=0.0s
layer 6 new=65280 total=92437 t=0.1s
layer 7 new=164854 total=257291 t=0.2s
layer 8 new=335521 total=592812 t=0.6s
layer 9 new=561728 total=1154540 t=1.2s
layer 10 new=807535 total=1962075 t=2.3s
layer 11 new=1016493 total=2978568 t=3.8s
layer 12 new=1195476 total=4174044 t=5.7s
layer 13 new=1310877 total=5484921 t=7.9s
layer 14 new=1355748 total=6840669 t=10.3s
layer 15 new=1324318 total=8164987 t=12.8s
layer 16 new=1286247 total=9451234 t=15.3s
layer 17 new=1240517 total=10691751 t=17.6s
layer 18 new=1170255 total=11862006 t=19.9s
layer 19 new=1049586 total=12911592 t=22.0s
layer 20 new=899006 total=13810598 t=23.9s
layer 21 new=819589 total=14630187 t=25.5s
layer 22 new=812823 total=15443010 t=27.0s
layer 23 new=813342 total=16256352 t=28.5s
layer 24 new=791700 total=17048052 t=30.0s
layer 25 new=732778 total=17780830 t=31.5s
layer 26 new=698493 total=18479323 t=32.9s
layer 27 new=716365 total=19195688 t=34.1s
layer 28 new=750569 total=19946257 t=35.5s
layer 29 new=750596 total=20696853 t=36.9s
layer 30 new=725919 total=21422772 t=38.2s
layer 31 new=701395 total=22124167 t=39.6s
layer 32 new=703094 total=22827261 t=40.8s
layer 33 new=762801 total=23590062 t=42.2s
layer 34 new=836269 total=24426331 t=43.6s
layer 35 new=892157 total=25318488 t=45.2s
layer 36 new=954345 total=26272833 t=46.9s
layer 37 new=1058088 total=27330921 t=48.7s
layer 38 new=1209983 total=28540904 t=50.6s
layer 39 new=1361130 total=29902034 t=52.9s
layer 40 new=1461898 total=31363932 t=55.4s
layer 41 new=1519138 total=32883070 t=58.2s
layer 42 new=1525449 total=34408519 t=61.0s
layer 43 new=1492920 total=35901439 t=64.0s
layer 44 new=1479583 total=37381022 t=67.0s
layer 45 new=1475528 total=38856550 t=69.8s
layer 46 new=1424913 total=40281463 t=72.5s
layer 47 new=1345961 total=41627424 t=75.2s
layer 48 new=1290436 total=42917860 t=77.7s
layer 49 new=1267556 total=44185416 t=80.1s
layer 50 new=1288722 total=45474138 t=82.4s
layer 51 new=1342191 total=46816329 t=84.8s
layer 52 new=1343447 total=48159776 t=87.3s
layer 53 new=1299262 total=49459038 t=89.8s
layer 54 new=1302340 total=50761378 t=92.2s
layer 55 new=1350958 total=52112336 t=94.7s
layer 56 new=1420256 total=53532592 t=97.2s
layer 57 new=1514618 total=55047210 t=100.0s
layer 58 new=1590013 total=56637223 t=102.9s
layer 59 new=1596394 total=58233617 t=105.9s
layer 60 new=1579059 total=59812676 t=108.8s
layer 61 new=1540635 total=61353311 t=111.8s
layer 62 new=1476143 total=62829454 t=114.7s
layer 63 new=1402687 total=64232141 t=117.5s
layer 64 new=1301524 total=65533665 t=120.1s
layer 65 new=1158583 total=66692248 t=122.5s
layer 66 new=1064307 total=67756555 t=124.7s
layer 67 new=1056858 total=68813413 t=126.8s
layer 68 new=1067710 total=69881123 t=128.8s
layer 69 new=1075909 total=70957032 t=130.8s
layer 70 new=1087403 total=72044435 t=132.8s
layer 71 new=1125602 total=73170037 t=134.9s
layer 72 new=1210321 total=74380358 t=137.0s
layer 73 new=1271221 total=75651579 t=139.2s
layer 74 new=1268787 total=76920366 t=141.6s
layer 75 new=1181513 total=78101879 t=143.9s
layer 76 new=1067683 total=79169562 t=146.1s
layer 77 new=992815 total=80162377 t=148.1s
layer 78 new=941291 total=81103668 t=149.9s
layer 79 new=881541 total=81985209 t=151.7s
layer 80 new=800980 total=82786189 t=153.3s
layer 81 new=722221 total=83508410 t=154.8s
layer 82 new=650495 total=84158905 t=156.1s
layer 83 new=607813 total=84766718 t=157.3s
layer 84 new=592608 total=85359326 t=158.4s
layer 85 new=564571 total=85923897 t=159.5s
layer 86 new=527374 total=86451271 t=160.5s
layer 87 new=496335 total=86947606 t=161.5s
layer 88 new=476913 total=87424519 t=162.4s
layer 89 new=480208 total=87904727 t=163.3s
layer 90 new=496339 total=88401066 t=164.2s
layer 91 new=496564 total=88897630 t=165.1s
layer 92 new=482181 total=89379811 t=166.0s
layer 93 new=477739 total=89857550 t=166.8s
layer 94 new=496074 total=90353624 t=167.7s
layer 95 new=529288 total=90882912 t=168.6s
layer 96 new=567001 total=91449913 t=169.6s
layer 97 new=588857 total=92038770 t=170.7s
layer 98 new=598956 total=92637726 t=171.8s
layer 99 new=628664 total=93266390 t=172.9s
layer 100 new=683211 total=93949601 t=174.0s
layer 101 new=755252 total=94704853 t=175.3s
layer 102 new=829659 total=95534512 t=176.7s
layer 103 new=875933 total=96410445 t=178.2s
layer 104 new=891067 total=97301512 t=179.9s
layer 105 new=892778 total=98194290 t=181.5s
layer 106 new=888895 total=99083185 t=183.2s
layer 107 new=877483 total=99960668 t=184.9s
layer 108 new=826777 total=100787445 t=186.5s
layer 109 new=755391 total=101542836 t=188.0s
layer 110 new=682531 total=102225367 t=189.4s
layer 111 new=633861 total=102859228 t=190.6s
layer 112 new=602394 total=103461622 t=191.8s
layer 113 new=551214 total=104012836 t=192.9s
layer 114 new=492845 total=104505681 t=193.9s
layer 115 new=444497 total=104950178 t=194.8s
layer 116 new=401902 total=105352080 t=195.6s
layer 117 new=377410 total=105729490 t=196.3s
layer 118 new=362504 total=106091994 t=197.0s
layer 119 new=342363 total=106434357 t=197.7s
layer 120 new=332993 total=106767350 t=198.3s
layer 121 new=331822 total=107099172 t=198.9s
layer 122 new=336030 total=107435202 t=199.5s
layer 123 new=350660 total=107785862 t=200.1s
layer 124 new=359399 total=108145261 t=200.9s
layer 125 new=349350 total=108494611 t=201.5s
layer 126 new=338501 total=108833112 t=202.1s
layer 127 new=340758 total=109173870 t=202.8s
layer 128 new=344392 total=109518262 t=203.4s
layer 129 new=351777 total=109870039 t=204.0s
layer 130 new=366748 total=110236787 t=204.7s
layer 131 new=380375 total=110617162 t=205.3s
layer 132 new=397337 total=111014499 t=206.0s
layer 133 new=425312 total=111439811 t=206.8s
layer 134 new=449832 total=111889643 t=207.5s
layer 135 new=474241 total=112363884 t=208.4s
layer 136 new=481917 total=112845801 t=209.3s
layer 137 new=463728 total=113309529 t=210.2s
layer 138 new=452626 total=113762155 t=211.0s
layer 139 new=453929 total=114216084 t=211.8s
layer 140 new=457239 total=114673323 t=212.6s
layer 141 new=451867 total=115125190 t=213.5s
layer 142 new=432865 total=115558055 t=214.3s
layer 143 new=417464 total=115975519 t=215.1s
layer 144 new=420402 total=116395921 t=215.8s
layer 145 new=425543 total=116821464 t=216.6s
layer 146 new=419697 total=117241161 t=217.4s
layer 147 new=405400 total=117646561 t=218.2s
layer 148 new=393691 total=118040252 t=218.9s
layer 149 new=391600 total=118431852 t=219.6s
layer 150 new=393205 total=118825057 t=220.4s
layer 151 new=387619 total=119212676 t=221.1s
layer 152 new=377760 total=119590436 t=221.8s
layer 153 new=370646 total=119961082 t=222.5s
layer 154 new=359253 total=120320335 t=223.1s
layer 155 new=341203 total=120661538 t=223.8s
layer 156 new=317358 total=120978896 t=224.4s
layer 157 new=288916 total=121267812 t=225.0s
layer 158 new=259706 total=121527518 t=225.5s
layer 159 new=231116 total=121758634 t=226.0s
layer 160 new=205721 total=121964355 t=226.4s
layer 161 new=192624 total=122156979 t=226.8s
layer 162 new=193797 total=122350776 t=227.1s
layer 163 new=198027 total=122548803 t=227.5s
layer 164 new=195291 total=122744094 t=227.9s
layer 165 new=186048 total=122930142 t=228.2s
layer 166 new=179857 total=123109999 t=228.5s
layer 167 new=185640 total=123295639 t=228.9s
layer 168 new=200710 total=123496349 t=229.2s
layer 169 new=213390 total=123709739 t=229.6s
layer 170 new=213159 total=123922898 t=230.0s
layer 171 new=196272 total=124119170 t=230.4s
layer 172 new=180622 total=124299792 t=230.7s
layer 173 new=181806 total=124481598 t=231.1s
layer 174 new=193226 total=124674824 t=231.4s
layer 175 new=202170 total=124876994 t=231.7s
layer 176 new=195597 total=125072591 t=232.1s
layer 177 new=176468 total=125249059 t=232.4s
layer 178 new=158773 total=125407832 t=232.8s
layer 179 new=151315 total=125559147 t=233.0s
layer 180 new=154559 total=125713706 t=233.3s
layer 181 new=157931 total=125871637 t=233.6s
layer 182 new=149918 total=126021555 t=233.9s
layer 183 new=132183 total=126153738 t=234.1s
layer 184 new=117190 total=126270928 t=234.4s
layer 185 new=109922 total=126380850 t=234.6s
layer 186 new=108798 total=126489648 t=234.8s
layer 187 new=110174 total=126599822 t=235.0s
layer 188 new=107330 total=126707152 t=235.2s
layer 189 new=98877 total=126806029 t=235.4s
layer 190 new=90288 total=126896317 t=235.5s
layer 191 new=85388 total=126981705 t=235.7s
layer 192 new=83774 total=127065479 t=235.9s
layer 193 new=87675 total=127153154 t=236.0s
layer 194 new=94304 total=127247458 t=236.2s
layer 195 new=96136 total=127343594 t=236.3s
layer 196 new=92958 total=127436552 t=236.5s
layer 197 new=89946 total=127526498 t=236.7s
layer 198 new=92915 total=127619413 t=236.9s
layer 199 new=103896 total=127723309 t=237.0s
layer 200 new=116233 total=127839542 t=237.2s
layer 201 new=122733 total=127962275 t=237.4s
layer 202 new=123859 total=128086134 t=237.6s
layer 203 new=124312 total=128210446 t=237.9s
layer 204 new=126991 total=128337437 t=238.1s
layer 205 new=136518 total=128473955 t=238.3s
layer 206 new=152720 total=128626675 t=238.6s
layer 207 new=165879 total=128792554 t=238.8s
layer 208 new=163921 total=128956475 t=239.1s
layer 209 new=152204 total=129108679 t=239.4s
layer 210 new=142793 total=129251472 t=239.7s
layer 211 new=133646 total=129385118 t=240.0s
layer 212 new=127009 total=129512127 t=240.2s
layer 213 new=120641 total=129632768 t=240.4s
layer 214 new=116090 total=129748858 t=240.7s
layer 215 new=113570 total=129862428 t=240.9s
layer 216 new=111395 total=129973823 t=241.1s
layer 217 new=109817 total=130083640 t=241.3s
layer 218 new=106314 total=130189954 t=241.5s
layer 219 new=101222 total=130291176 t=241.7s
layer 220 new=94573 total=130385749 t=241.8s
layer 221 new=88739 total=130474488 t=242.0s
layer 222 new=82502 total=130556990 t=242.2s
layer 223 new=75688 total=130632678 t=242.3s
layer 224 new=71885 total=130704563 t=242.5s
layer 225 new=69896 total=130774459 t=242.6s
layer 226 new=65452 total=130839911 t=242.7s
layer 227 new=59308 total=130899219 t=242.8s
layer 228 new=52353 total=130951572 t=242.9s
layer 229 new=47143 total=130998715 t=243.0s
layer 230 new=42279 total=131040994 t=243.1s
layer 231 new=38060 total=131079054 t=243.2s
layer 232 new=35901 total=131114955 t=243.3s
layer 233 new=34589 total=131149544 t=243.3s
layer 234 new=33119 total=131182663 t=243.4s
layer 235 new=31563 total=131214226 t=243.5s
layer 236 new=30440 total=131244666 t=243.5s
layer 237 new=29927 total=131274593 t=243.6s
layer 238 new=31517 total=131306110 t=243.7s
layer 239 new=34648 total=131340758 t=243.7s
layer 240 new=38208 total=131378966 t=243.8s
layer 241 new=41605 total=131420571 t=243.8s
layer 242 new=44012 total=131464583 t=243.9s
layer 243 new=46152 total=131510735 t=244.0s
layer 244 new=49216 total=131559951 t=244.1s
layer 245 new=52162 total=131612113 t=244.2s
layer 246 new=54170 total=131666283 t=244.3s
layer 247 new=54815 total=131721098 t=244.4s
layer 248 new=53145 total=131774243 t=244.5s
layer 249 new=49402 total=131823645 t=244.6s
layer 250 new=46223 total=131869868 t=244.7s
layer 251 new=45115 total=131914983 t=244.8s
layer 252 new=44911 total=131959894 t=244.8s
layer 253 new=45134 total=132005028 t=244.9s
layer 254 new=45227 total=132050255 t=245.0s
layer 255 new=43021 total=132093276 t=245.1s
layer 256 new=39768 total=132133044 t=245.2s
layer 257 new=37331 total=132170375 t=245.2s
layer 258 new=35708 total=132206083 t=245.3s
layer 259 new=35507 total=132241590 t=245.4s
layer 260 new=36056 total=132277646 t=245.4s
layer 261 new=36269 total=132313915 t=245.5s
layer 262 new=36182 total=132350097 t=245.6s
layer 263 new=37426 total=132387523 t=245.6s
layer 264 new=38928 total=132426451 t=245.7s
layer 265 new=39826 total=132466277 t=245.8s
layer 266 new=40448 total=132506725 t=245.9s
layer 267 new=40418 total=132547143 t=245.9s
layer 268 new=38981 total=132586124 t=246.0s
layer 269 new=37213 total=132623337 t=246.1s
layer 270 new=36714 total=132660051 t=246.1s
layer 271 new=37702 total=132697753 t=246.2s
layer 272 new=38214 total=132735967 t=246.3s
layer 273 new=36630 total=132772597 t=246.3s
layer 274 new=34321 total=132806918 t=246.4s
layer 275 new=32953 total=132839871 t=246.5s
layer 276 new=31911 total=132871782 t=246.5s
layer 277 new=30797 total=132902579 t=246.6s
layer 278 new=30993 total=132933572 t=246.6s
layer 279 new=32789 total=132966361 t=246.7s
layer 280 new=33706 total=133000067 t=246.8s
layer 281 new=33812 total=133033879 t=246.9s
layer 282 new=33175 total=133067054 t=246.9s
layer 283 new=32969 total=133100023 t=247.0s
layer 284 new=33779 total=133133802 t=247.0s
layer 285 new=35184 total=133168986 t=247.1s
layer 286 new=36315 total=133205301 t=247.2s
layer 287 new=38229 total=133243530 t=247.2s
layer 288 new=40321 total=133283851 t=247.3s
layer 289 new=41278 total=133325129 t=247.4s
layer 290 new=39762 total=133364891 t=247.4s
layer 291 new=37975 total=133402866 t=247.5s
layer 292 new=37263 total=133440129 t=247.6s
layer 293 new=35361 total=133475490 t=247.6s
layer 294 new=33240 total=133508730 t=247.7s
layer 295 new=32013 total=133540743 t=247.8s
layer 296 new=30132 total=133570875 t=247.8s
layer 297 new=28391 total=133599266 t=247.9s
layer 298 new=26237 total=133625503 t=247.9s
layer 299 new=22670 total=133648173 t=248.0s
layer 300 new=19537 total=133667710 t=248.0s
layer 301 new=17939 total=133685649 t=248.1s
layer 302 new=17085 total=133702734 t=248.1s
layer 303 new=16441 total=133719175 t=248.1s
layer 304 new=16395 total=133735570 t=248.2s
layer 305 new=17147 total=133752717 t=248.2s
layer 306 new=17599 total=133770316 t=248.2s
layer 307 new=17650 total=133787966 t=248.2s
layer 308 new=17153 total=133805119 t=248.3s
layer 309 new=15889 total=133821008 t=248.3s
layer 310 new=14260 total=133835268 t=248.3s
layer 311 new=12414 total=133847682 t=248.4s
layer 312 new=11343 total=133859025 t=248.4s
layer 313 new=12019 total=133871044 t=248.4s
layer 314 new=14426 total=133885470 t=248.4s
layer 315 new=17213 total=133902683 t=248.5s
layer 316 new=18978 total=133921661 t=248.5s
layer 317 new=19572 total=133941233 t=248.5s
layer 318 new=18547 total=133959780 t=248.6s
layer 319 new=16349 total=133976129 t=248.6s
layer 320 new=14037 total=133990166 t=248.6s
layer 321 new=12966 total=134003132 t=248.6s
layer 322 new=13177 total=134016309 t=248.7s
layer 323 new=14859 total=134031168 t=248.7s
layer 324 new=17503 total=134048671 t=248.7s
layer 325 new=19464 total=134068135 t=248.8s
layer 326 new=19979 total=134088114 t=248.8s
layer 327 new=19497 total=134107611 t=248.8s
layer 328 new=17728 total=134125339 t=248.9s
layer 329 new=15586 total=134140925 t=248.9s
layer 330 new=15400 total=134156325 t=248.9s
layer 331 new=17258 total=134173583 t=248.9s
layer 332 new=20731 total=134194314 t=249.0s
layer 333 new=24836 total=134219150 t=249.0s
layer 334 new=27633 total=134246783 t=249.1s
layer 335 new=29298 total=134276081 t=249.1s
layer 336 new=29965 total=134306046 t=249.2s
layer 337 new=28029 total=134334075 t=249.2s
layer 338 new=24575 total=134358650 t=249.3s
layer 339 new=22932 total=134381582 t=249.3s
layer 340 new=22762 total=134404344 t=249.4s
layer 341 new=23689 total=134428033 t=249.4s
layer 342 new=24955 total=134452988 t=249.4s
layer 343 new=26117 total=134479105 t=249.5s
layer 344 new=26387 total=134505492 t=249.5s
layer 345 new=25845 total=134531337 t=249.6s
layer 346 new=24671 total=134556008 t=249.6s
layer 347 new=24187 total=134580195 t=249.7s
layer 348 new=24586 total=134604781 t=249.7s
layer 349 new=26615 total=134631396 t=249.8s
layer 350 new=30450 total=134661846 t=249.8s
layer 351 new=34516 total=134696362 t=249.9s
layer 352 new=35888 total=134732250 t=249.9s
layer 353 new=34746 total=134766996 t=250.0s
layer 354 new=32678 total=134799674 t=250.1s
layer 355 new=31787 total=134831461 t=250.1s
layer 356 new=32772 total=134864233 t=250.2s
layer 357 new=35794 total=134900027 t=250.3s
layer 358 new=41305 total=134941332 t=250.3s
layer 359 new=48245 total=134989577 t=250.4s
layer 360 new=52914 total=135042491 t=250.5s
layer 361 new=51830 total=135094321 t=250.6s
layer 362 new=49294 total=135143615 t=250.7s
layer 363 new=46837 total=135190452 t=250.8s
layer 364 new=49306 total=135239758 t=250.8s
layer 365 new=54686 total=135294444 t=250.9s
layer 366 new=57992 total=135352436 t=251.0s
layer 367 new=60895 total=135413331 t=251.1s
layer 368 new=63874 total=135477205 t=251.2s
layer 369 new=63940 total=135541145 t=251.4s
layer 370 new=59735 total=135600880 t=251.5s
layer 371 new=55004 total=135655884 t=251.6s
layer 372 new=51964 total=135707848 t=251.7s
layer 373 new=46659 total=135754507 t=251.8s
layer 374 new=40597 total=135795104 t=251.8s
layer 375 new=39883 total=135834987 t=251.9s
layer 376 new=41371 total=135876358 t=252.0s
layer 377 new=40148 total=135916506 t=252.0s
layer 378 new=35331 total=135951837 t=252.1s
layer 379 new=28373 total=135980210 t=252.2s
layer 380 new=24151 total=136004361 t=252.2s
layer 381 new=22696 total=136027057 t=252.3s
layer 382 new=21572 total=136048629 t=252.3s
layer 383 new=21424 total=136070053 t=252.4s
layer 384 new=23247 total=136093300 t=252.4s
layer 385 new=27531 total=136120831 t=252.4s
layer 386 new=33074 total=136153905 t=252.5s
layer 387 new=37402 total=136191307 t=252.6s
layer 388 new=41484 total=136232791 t=252.6s
layer 389 new=42615 total=136275406 t=252.7s
layer 390 new=42169 total=136317575 t=252.8s
layer 391 new=42908 total=136360483 t=252.8s
layer 392 new=40256 total=136400739 t=252.9s
layer 393 new=36461 total=136437200 t=253.0s
layer 394 new=30524 total=136467724 t=253.1s
layer 395 new=25420 total=136493144 t=253.1s
layer 396 new=20673 total=136513817 t=253.2s
layer 397 new=17197 total=136531014 t=253.2s
layer 398 new=14911 total=136545925 t=253.2s
layer 399 new=13432 total=136559357 t=253.3s
layer 400 new=12933 total=136572290 t=253.3s
layer 401 new=13629 total=136585919 t=253.3s
layer 402 new=13412 total=136599331 t=253.3s
layer 403 new=12186 total=136611517 t=253.4s
layer 404 new=11144 total=136622661 t=253.4s
layer 405 new=10569 total=136633230 t=253.4s
layer 406 new=9476 total=136642706 t=253.4s
layer 407 new=8381 total=136651087 t=253.5s
layer 408 new=8665 total=136659752 t=253.5s
layer 409 new=9112 total=136668864 t=253.5s
layer 410 new=9344 total=136678208 t=253.5s
layer 411 new=9515 total=136687723 t=253.5s
layer 412 new=9919 total=136697642 t=253.5s
layer 413 new=10702 total=136708344 t=253.6s
layer 414 new=12120 total=136720464 t=253.6s
layer 415 new=12674 total=136733138 t=253.6s
layer 416 new=12012 total=136745150 t=253.6s
layer 417 new=11185 total=136756335 t=253.7s
layer 418 new=10218 total=136766553 t=253.7s
layer 419 new=10325 total=136776878 t=253.7s
layer 420 new=11272 total=136788150 t=253.7s
layer 421 new=12131 total=136800281 t=253.7s
layer 422 new=12486 total=136812767 t=253.8s
layer 423 new=12427 total=136825194 t=253.8s
layer 424 new=12632 total=136837826 t=253.8s
layer 425 new=12122 total=136849948 t=253.8s
layer 426 new=11598 total=136861546 t=253.9s
layer 427 new=11404 total=136872950 t=253.9s
layer 428 new=11573 total=136884523 t=253.9s
layer 429 new=11878 total=136896401 t=253.9s
layer 430 new=13134 total=136909535 t=254.0s
layer 431 new=15408 total=136924943 t=254.0s
layer 432 new=17196 total=136942139 t=254.0s
layer 433 new=17522 total=136959661 t=254.0s
layer 434 new=16479 total=136976140 t=254.1s
layer 435 new=15500 total=136991640 t=254.1s
layer 436 new=14601 total=137006241 t=254.1s
layer 437 new=13810 total=137020051 t=254.2s
layer 438 new=14047 total=137034098 t=254.2s
layer 439 new=15361 total=137049459 t=254.2s
layer 440 new=17185 total=137066644 t=254.2s
layer 441 new=18588 total=137085232 t=254.3s
layer 442 new=18851 total=137104083 t=254.3s
layer 443 new=18139 total=137122222 t=254.3s
layer 444 new=17252 total=137139474 t=254.4s
layer 445 new=16564 total=137156038 t=254.4s
layer 446 new=16763 total=137172801 t=254.4s
layer 447 new=17543 total=137190344 t=254.5s
layer 448 new=18662 total=137209006 t=254.5s
layer 449 new=19443 total=137228449 t=254.5s
layer 450 new=18993 total=137247442 t=254.6s
layer 451 new=17689 total=137265131 t=254.6s
layer 452 new=15647 total=137280778 t=254.6s
layer 453 new=13898 total=137294676 t=254.7s
layer 454 new=13409 total=137308085 t=254.7s
layer 455 new=13631 total=137321716 t=254.7s
layer 456 new=15432 total=137337148 t=254.8s
layer 457 new=17437 total=137354585 t=254.8s
layer 458 new=18112 total=137372697 t=254.8s
layer 459 new=16826 total=137389523 t=254.9s
layer 460 new=14824 total=137404347 t=254.9s
layer 461 new=13362 total=137417709 t=254.9s
layer 462 new=12030 total=137429739 t=254.9s
layer 463 new=10682 total=137440421 t=255.0s
layer 464 new=10354 total=137450775 t=255.0s
layer 465 new=11104 total=137461879 t=255.0s
layer 466 new=11559 total=137473438 t=255.0s
layer 467 new=11036 total=137484474 t=255.1s
layer 468 new=9856 total=137494330 t=255.1s
layer 469 new=8842 total=137503172 t=255.1s
layer 470 new=7894 total=137511066 t=255.1s
layer 471 new=7071 total=137518137 t=255.1s
layer 472 new=6424 total=137524561 t=255.1s
layer 473 new=6184 total=137530745 t=255.2s
layer 474 new=6527 total=137537272 t=255.2s
layer 475 new=7238 total=137544510 t=255.2s
layer 476 new=7544 total=137552054 t=255.2s
layer 477 new=7160 total=137559214 t=255.2s
layer 478 new=6552 total=137565766 t=255.2s
layer 479 new=5888 total=137571654 t=255.3s
layer 480 new=5044 total=137576698 t=255.3s
layer 481 new=4413 total=137581111 t=255.3s
layer 482 new=4273 total=137585384 t=255.3s
layer 483 new=4668 total=137590052 t=255.3s
layer 484 new=5502 total=137595554 t=255.3s
layer 485 new=6318 total=137601872 t=255.3s
layer 486 new=6524 total=137608396 t=255.4s
layer 487 new=5866 total=137614262 t=255.4s
layer 488 new=4809 total=137619071 t=255.4s
layer 489 new=4013 total=137623084 t=255.4s
layer 490 new=3497 total=137626581 t=255.4s
layer 491 new=3181 total=137629762 t=255.4s
layer 492 new=3286 total=137633048 t=255.4s
layer 493 new=3850 total=137636898 t=255.4s
layer 494 new=4546 total=137641444 t=255.4s
layer 495 new=4864 total=137646308 t=255.5s
layer 496 new=4990 total=137651298 t=255.5s
layer 497 new=4985 total=137656283 t=255.5s
layer 498 new=4760 total=137661043 t=255.5s
layer 499 new=4356 total=137665399 t=255.5s
layer 500 new=4402 total=137669801 t=255.5s
layer 501 new=5320 total=137675121 t=255.5s
layer 502 new=6684 total=137681805 t=255.6s
layer 503 new=8041 total=137689846 t=255.6s
layer 504 new=8852 total=137698698 t=255.6s
layer 505 new=9013 total=137707711 t=255.6s
layer 506 new=8801 total=137716512 t=255.6s
layer 507 new=8332 total=137724844 t=255.6s
layer 508 new=7530 total=137732374 t=255.6s
layer 509 new=7753 total=137740127 t=255.7s
layer 510 new=9138 total=137749265 t=255.7s
layer 511 new=11232 total=137760497 t=255.7s
layer 512 new=13340 total=137773837 t=255.7s
layer 513 new=14991 total=137788828 t=255.7s
layer 514 new=16811 total=137805639 t=255.8s
layer 515 new=18127 total=137823766 t=255.8s
layer 516 new=17839 total=137841605 t=255.8s
layer 517 new=16078 total=137857683 t=255.9s
layer 518 new=14553 total=137872236 t=255.9s
layer 519 new=14051 total=137886287 t=255.9s
layer 520 new=14533 total=137900820 t=256.0s
layer 521 new=15682 total=137916502 t=256.0s
layer 522 new=17734 total=137934236 t=256.0s
layer 523 new=20371 total=137954607 t=256.1s
layer 524 new=22591 total=137977198 t=256.1s
layer 525 new=23016 total=138000214 t=256.1s
layer 526 new=20414 total=138020628 t=256.2s
layer 527 new=16818 total=138037446 t=256.2s
layer 528 new=14786 total=138052232 t=256.2s
layer 529 new=13522 total=138065754 t=256.3s
layer 530 new=12747 total=138078501 t=256.3s
layer 531 new=13731 total=138092232 t=256.3s
layer 532 new=16220 total=138108452 t=256.3s
layer 533 new=18149 total=138126601 t=256.4s
layer 534 new=18704 total=138145305 t=256.4s
layer 535 new=17290 total=138162595 t=256.5s
layer 536 new=14426 total=138177021 t=256.5s
layer 537 new=11236 total=138188257 t=256.5s
layer 538 new=8951 total=138197208 t=256.5s
layer 539 new=7541 total=138204749 t=256.6s
layer 540 new=7402 total=138212151 t=256.6s
layer 541 new=8094 total=138220245 t=256.6s
layer 542 new=8592 total=138228837 t=256.6s
layer 543 new=8158 total=138236995 t=256.6s
layer 544 new=7625 total=138244620 t=256.6s
layer 545 new=7609 total=138252229 t=256.6s
layer 546 new=7747 total=138259976 t=256.7s
layer 547 new=7737 total=138267713 t=256.7s
layer 548 new=7989 total=138275702 t=256.7s
layer 549 new=8458 total=138284160 t=256.7s
layer 550 new=8757 total=138292917 t=256.7s
layer 551 new=8390 total=138301307 t=256.8s
layer 552 new=7313 total=138308620 t=256.8s
layer 553 new=6913 total=138315533 t=256.8s
layer 554 new=7480 total=138323013 t=256.8s
layer 555 new=8063 total=138331076 t=256.8s
layer 556 new=8482 total=138339558 t=256.8s
layer 557 new=8591 total=138348149 t=256.8s
layer 558 new=9769 total=138357918 t=256.9s
layer 559 new=11773 total=138369691 t=256.9s
layer 560 new=13295 total=138382986 t=256.9s
layer 561 new=14164 total=138397150 t=256.9s
layer 562 new=14236 total=138411386 t=257.0s
layer 563 new=14344 total=138425730 t=257.0s
layer 564 new=14897 total=138440627 t=257.0s
layer 565 new=13751 total=138454378 t=257.0s
layer 566 new=12972 total=138467350 t=257.1s
layer 567 new=13640 total=138480990 t=257.1s
layer 568 new=15656 total=138496646 t=257.1s
layer 569 new=17673 total=138514319 t=257.1s
layer 570 new=18843 total=138533162 t=257.2s
layer 571 new=18865 total=138552027 t=257.2s
layer 572 new=17626 total=138569653 t=257.2s
layer 573 new=15139 total=138584792 t=257.3s
layer 574 new=12340 total=138597132 t=257.3s
layer 575 new=10943 total=138608075 t=257.3s
layer 576 new=11815 total=138619890 t=257.3s
layer 577 new=13542 total=138633432 t=257.4s
layer 578 new=15087 total=138648519 t=257.4s
layer 579 new=15674 total=138664193 t=257.4s
layer 580 new=15229 total=138679422 t=257.4s
layer 581 new=13734 total=138693156 t=257.5s
layer 582 new=11685 total=138704841 t=257.5s
layer 583 new=10543 total=138715384 t=257.5s
layer 584 new=10920 total=138726304 t=257.6s
layer 585 new=12706 total=138739010 t=257.6s
layer 586 new=15818 total=138754828 t=257.6s
layer 587 new=18344 total=138773172 t=257.6s
layer 588 new=19118 total=138792290 t=257.7s
layer 589 new=18093 total=138810383 t=257.7s
layer 590 new=16372 total=138826755 t=257.7s
layer 591 new=14367 total=138841122 t=257.7s
layer 592 new=13167 total=138854289 t=257.8s
layer 593 new=14182 total=138868471 t=257.8s
layer 594 new=17337 total=138885808 t=257.8s
layer 595 new=20841 total=138906649 t=257.9s
layer 596 new=22997 total=138929646 t=257.9s
layer 597 new=22833 total=138952479 t=257.9s
layer 598 new=21350 total=138973829 t=258.0s
layer 599 new=17821 total=138991650 t=258.0s
layer 600 new=15234 total=139006884 t=258.0s
layer 601 new=15717 total=139022601 t=258.1s
layer 602 new=18110 total=139040711 t=258.1s
layer 603 new=20534 total=139061245 t=258.1s
layer 604 new=21666 total=139082911 t=258.2s
layer 605 new=21662 total=139104573 t=258.2s
layer 606 new=20044 total=139124617 t=258.2s
layer 607 new=16989 total=139141606 t=258.3s
layer 608 new=14794 total=139156400 t=258.3s
layer 609 new=14449 total=139170849 t=258.3s
layer 610 new=13897 total=139184746 t=258.4s
layer 611 new=14749 total=139199495 t=258.4s
layer 612 new=16549 total=139216044 t=258.4s
layer 613 new=16625 total=139232669 t=258.5s
layer 614 new=15259 total=139247928 t=258.5s
layer 615 new=13642 total=139261570 t=258.5s
layer 616 new=12227 total=139273797 t=258.5s
layer 617 new=10499 total=139284296 t=258.6s
layer 618 new=8577 total=139292873 t=258.6s
layer 619 new=7630 total=139300503 t=258.6s
layer 620 new=7927 total=139308430 t=258.6s
layer 621 new=8682 total=139317112 t=258.6s
layer 622 new=9042 total=139326154 t=258.6s
layer 623 new=8807 total=139334961 t=258.7s
layer 624 new=8288 total=139343249 t=258.7s
layer 625 new=7645 total=139350894 t=258.7s
layer 626 new=6484 total=139357378 t=258.7s
layer 627 new=5199 total=139362577 t=258.7s
layer 628 new=4611 total=139367188 t=258.7s
layer 629 new=4605 total=139371793 t=258.8s
layer 630 new=4819 total=139376612 t=258.8s
layer 631 new=5418 total=139382030 t=258.8s
layer 632 new=6026 total=139388056 t=258.8s
layer 633 new=6471 total=139394527 t=258.8s
layer 634 new=6242 total=139400769 t=258.8s
layer 635 new=5402 total=139406171 t=258.8s
layer 636 new=4513 total=139410684 t=258.9s
layer 637 new=3542 total=139414226 t=258.9s
layer 638 new=3253 total=139417479 t=258.9s
layer 639 new=3507 total=139420986 t=258.9s
layer 640 new=4063 total=139425049 t=258.9s
layer 641 new=4726 total=139429775 t=258.9s
layer 642 new=5181 total=139434956 t=258.9s
layer 643 new=5044 total=139440000 t=258.9s
layer 644 new=4250 total=139444250 t=259.0s
layer 645 new=3695 total=139447945 t=259.0s
layer 646 new=3366 total=139451311 t=259.0s
layer 647 new=2951 total=139454262 t=259.0s
layer 648 new=2769 total=139457031 t=259.0s
layer 649 new=2989 total=139460020 t=259.0s
layer 650 new=3380 total=139463400 t=259.0s
layer 651 new=3569 total=139466969 t=259.0s
layer 652 new=3430 total=139470399 t=259.1s
layer 653 new=3208 total=139473607 t=259.1s
layer 654 new=2648 total=139476255 t=259.1s
layer 655 new=1728 total=139477983 t=259.1s
layer 656 new=1176 total=139479159 t=259.1s
layer 657 new=1162 total=139480321 t=259.1s
layer 658 new=1292 total=139481613 t=259.1s
layer 659 new=1451 total=139483064 t=259.1s
layer 660 new=1589 total=139484653 t=259.1s
layer 661 new=1481 total=139486134 t=259.1s
layer 662 new=1361 total=139487495 t=259.1s
layer 663 new=1355 total=139488850 t=259.1s
layer 664 new=1063 total=139489913 t=259.1s
layer 665 new=734 total=139490647 t=259.1s
layer 666 new=744 total=139491391 t=259.1s
layer 667 new=932 total=139492323 t=259.1s
layer 668 new=1117 total=139493440 t=259.1s
layer 669 new=1142 total=139494582 t=259.1s
layer 670 new=1093 total=139495675 t=259.2s
layer 671 new=1140 total=139496815 t=259.2s
layer 672 new=1427 total=139498242 t=259.2s
layer 673 new=1834 total=139500076 t=259.2s
layer 674 new=2257 total=139502333 t=259.2s
layer 675 new=2836 total=139505169 t=259.2s
layer 676 new=3618 total=139508787 t=259.2s
layer 677 new=4608 total=139513395 t=259.2s
layer 678 new=5559 total=139518954 t=259.2s
layer 679 new=6124 total=139525078 t=259.2s
layer 680 new=6379 total=139531457 t=259.2s
layer 681 new=6435 total=139537892 t=259.3s
layer 682 new=6244 total=139544136 t=259.3s
layer 683 new=5903 total=139550039 t=259.3s
layer 684 new=6520 total=139556559 t=259.3s
layer 685 new=7931 total=139564490 t=259.3s
layer 686 new=9910 total=139574400 t=259.3s
layer 687 new=12012 total=139586412 t=259.4s
layer 688 new=13751 total=139600163 t=259.4s
layer 689 new=15127 total=139615290 t=259.4s
layer 690 new=15659 total=139630949 t=259.4s
layer 691 new=15008 total=139645957 t=259.5s
layer 692 new=13070 total=139659027 t=259.5s
layer 693 new=11364 total=139670391 t=259.5s
layer 694 new=10796 total=139681187 t=259.5s
layer 695 new=11786 total=139692973 t=259.6s
layer 696 new=13527 total=139706500 t=259.6s
layer 697 new=15564 total=139722064 t=259.6s
layer 698 new=18019 total=139740083 t=259.6s
layer 699 new=19555 total=139759638 t=259.7s
layer 700 new=19271 total=139778909 t=259.7s
layer 701 new=16972 total=139795881 t=259.7s
layer 702 new=13774 total=139809655 t=259.8s
layer 703 new=11662 total=139821317 t=259.8s
layer 704 new=10781 total=139832098 t=259.8s
layer 705 new=10093 total=139842191 t=259.9s
layer 706 new=10159 total=139852350 t=259.9s
layer 707 new=11482 total=139863832 t=259.9s
layer 708 new=13160 total=139876992 t=259.9s
layer 709 new=14325 total=139891317 t=259.9s
layer 710 new=14110 total=139905427 t=260.0s
layer 711 new=12254 total=139917681 t=260.0s
layer 712 new=9767 total=139927448 t=260.0s
layer 713 new=7885 total=139935333 t=260.1s
layer 714 new=6803 total=139942136 t=260.1s
layer 715 new=5931 total=139948067 t=260.1s
layer 716 new=5450 total=139953517 t=260.1s
layer 717 new=5894 total=139959411 t=260.1s
layer 718 new=6728 total=139966139 t=260.1s
layer 719 new=7380 total=139973519 t=260.2s
layer 720 new=7318 total=139980837 t=260.2s
layer 721 new=6243 total=139987080 t=260.2s
layer 722 new=4928 total=139992008 t=260.2s
layer 723 new=4212 total=139996220 t=260.2s
layer 724 new=4222 total=140000442 t=260.2s
layer 725 new=4360 total=140004802 t=260.2s
layer 726 new=4097 total=140008899 t=260.3s
layer 727 new=3819 total=140012718 t=260.3s
layer 728 new=3690 total=140016408 t=260.3s
layer 729 new=3439 total=140019847 t=260.3s
layer 730 new=3078 total=140022925 t=260.3s
layer 731 new=2659 total=140025584 t=260.3s
layer 732 new=2328 total=140027912 t=260.3s
layer 733 new=2180 total=140030092 t=260.3s
layer 734 new=2339 total=140032431 t=260.3s
layer 735 new=2563 total=140034994 t=260.4s
layer 736 new=2479 total=140037473 t=260.4s
layer 737 new=2323 total=140039796 t=260.4s
layer 738 new=2203 total=140041999 t=260.4s
layer 739 new=1883 total=140043882 t=260.4s
layer 740 new=1397 total=140045279 t=260.4s
layer 741 new=1048 total=140046327 t=260.4s
layer 742 new=961 total=140047288 t=260.4s
layer 743 new=1077 total=140048365 t=260.4s
layer 744 new=1241 total=140049606 t=260.4s
layer 745 new=1283 total=140050889 t=260.4s
layer 746 new=1174 total=140052063 t=260.4s
layer 747 new=1037 total=140053100 t=260.4s
layer 748 new=969 total=140054069 t=260.4s
layer 749 new=789 total=140054858 t=260.4s
layer 750 new=459 total=140055317 t=260.4s
layer 751 new=252 total=140055569 t=260.4s
layer 752 new=239 total=140055808 t=260.4s
layer 753 new=335 total=140056143 t=260.4s
layer 754 new=457 total=140056600 t=260.4s
layer 755 new=560 total=140057160 t=260.4s
layer 756 new=594 total=140057754 t=260.4s
layer 757 new=521 total=140058275 t=260.4s
layer 758 new=478 total=140058753 t=260.5s
layer 759 new=462 total=140059215 t=260.5s
layer 760 new=294 total=140059509 t=260.5s
layer 761 new=120 total=140059629 t=260.5s
layer 762 new=78 total=140059707 t=260.5s
layer 763 new=72 total=140059779 t=260.5s
layer 764 new=60 total=140059839 t=260.5s
layer 765 new=24 total=140059863 t=260.5s
layer 766 new=0 total=140059863 t=260.5s
RESULT cap=26 mode=quot16 size=140059863 radius=765 NOT-TRIVIAL (component exhausted, (x,y) absent)
peak_three_layers=4765466
HIT ms0359 dist=0
HIT ms0415 dist=2
HIT BM_P1 dist=3
HIT ms1003 dist=31
HIT ms1115 dist=32
HIT ms0905 dist=65
HIT ms0996 dist=66
      260.47 real       254.87 user         1.98 sys
           378175488  maximum resident set size
                   0  average shared memory size
                   0  average unshared data size
                   0  average unshared stack size
              100978  page reclaims
                   9  page faults
                   0  swaps
                   0  block input operations
                   0  block output operations
                   0  messages sent
                   0  messages received
                   0  signals received
                  30  voluntary context switches
               70018  involuntary context switches
       3982089682837  instructions retired
        864404006873  cycles elapsed
           175915896  peak memory footprint
