# fcc cap=25 mode=quot16 start=XyyxYYY | xYXXyxx
layer 1 new=14 total=15 t=0.0s
layer 2 new=135 total=150 t=0.0s
layer 3 new=975 total=1125 t=0.0s
layer 4 new=4966 total=6091 t=0.0s
layer 5 new=18881 total=24972 t=0.0s
layer 6 new=54341 total=79313 t=0.1s
layer 7 new=121089 total=200402 t=0.2s
layer 8 new=215775 total=416177 t=0.4s
layer 9 new=323706 total=739883 t=0.8s
layer 10 new=415933 total=1155816 t=1.4s
layer 11 new=483956 total=1639772 t=2.2s
layer 12 new=529949 total=2169721 t=3.1s
layer 13 new=564149 total=2733870 t=4.0s
layer 14 new=599509 total=3333379 t=5.1s
layer 15 new=601369 total=3934748 t=6.2s
layer 16 new=559856 total=4494604 t=7.3s
layer 17 new=484908 total=4979512 t=8.3s
layer 18 new=411989 total=5391501 t=9.1s
layer 19 new=386333 total=5777834 t=9.9s
layer 20 new=381826 total=6159660 t=10.6s
layer 21 new=369571 total=6529231 t=11.3s
layer 22 new=335722 total=6864953 t=12.0s
layer 23 new=299169 total=7164122 t=12.6s
layer 24 new=294093 total=7458215 t=13.1s
layer 25 new=304389 total=7762604 t=13.7s
layer 26 new=317705 total=8080309 t=14.2s
layer 27 new=316201 total=8396510 t=14.8s
layer 28 new=301584 total=8698094 t=15.4s
layer 29 new=292678 total=8990772 t=15.9s
layer 30 new=299508 total=9290280 t=16.5s
layer 31 new=313713 total=9603993 t=17.0s
layer 32 new=318627 total=9922620 t=17.6s
layer 33 new=324629 total=10247249 t=18.2s
layer 34 new=341065 total=10588314 t=18.8s
layer 35 new=380229 total=10968543 t=19.4s
layer 36 new=453063 total=11421606 t=20.2s
layer 37 new=545510 total=11967116 t=21.1s
layer 38 new=622897 total=12590013 t=22.1s
layer 39 new=664179 total=13254192 t=23.3s
layer 40 new=696592 total=13950784 t=24.5s
layer 41 new=745866 total=14696650 t=25.8s
layer 42 new=781948 total=15478598 t=27.2s
layer 43 new=766396 total=16244994 t=28.6s
layer 44 new=716699 total=16961693 t=30.1s
layer 45 new=667125 total=17628818 t=31.4s
layer 46 new=634555 total=18263373 t=32.6s
layer 47 new=632843 total=18896216 t=33.8s
layer 48 new=636232 total=19532448 t=35.0s
layer 49 new=621112 total=20153560 t=36.2s
layer 50 new=606424 total=20759984 t=37.4s
layer 51 new=587356 total=21347340 t=38.5s
layer 52 new=586171 total=21933511 t=39.5s
layer 53 new=602226 total=22535737 t=40.6s
layer 54 new=619643 total=23155380 t=41.8s
layer 55 new=620113 total=23775493 t=42.9s
layer 56 new=623595 total=24399088 t=44.0s
layer 57 new=661678 total=25060766 t=45.2s
layer 58 new=701759 total=25762525 t=46.4s
layer 59 new=720985 total=26483510 t=47.7s
layer 60 new=722215 total=27205725 t=49.1s
layer 61 new=690190 total=27895915 t=50.4s
layer 62 new=616777 total=28512692 t=51.7s
layer 63 new=544475 total=29057167 t=52.8s
layer 64 new=504854 total=29562021 t=53.8s
layer 65 new=487581 total=30049602 t=54.7s
layer 66 new=471361 total=30520963 t=55.6s
layer 67 new=443673 total=30964636 t=56.5s
layer 68 new=418258 total=31382894 t=57.3s
layer 69 new=434205 total=31817099 t=58.0s
layer 70 new=496315 total=32313414 t=58.9s
layer 71 new=565298 total=32878712 t=59.8s
layer 72 new=602526 total=33481238 t=60.8s
layer 73 new=585705 total=34066943 t=61.9s
layer 74 new=553659 total=34620602 t=62.9s
layer 75 new=525282 total=35145884 t=63.9s
layer 76 new=485041 total=35630925 t=64.9s
layer 77 new=431984 total=36062909 t=65.8s
layer 78 new=380670 total=36443579 t=66.6s
layer 79 new=332246 total=36775825 t=67.2s
layer 80 new=302779 total=37078604 t=67.8s
layer 81 new=288938 total=37367542 t=68.4s
layer 82 new=267299 total=37634841 t=68.9s
layer 83 new=244553 total=37879394 t=69.4s
layer 84 new=221454 total=38100848 t=69.8s
layer 85 new=203856 total=38304704 t=70.2s
layer 86 new=203738 total=38508442 t=70.6s
layer 87 new=208971 total=38717413 t=71.0s
layer 88 new=200833 total=38918246 t=71.3s
layer 89 new=188282 total=39106528 t=71.7s
layer 90 new=181275 total=39287803 t=72.1s
layer 91 new=179856 total=39467659 t=72.4s
layer 92 new=187978 total=39655637 t=72.7s
layer 93 new=206108 total=39861745 t=73.1s
layer 94 new=221812 total=40083557 t=73.5s
layer 95 new=219816 total=40303373 t=74.0s
layer 96 new=216083 total=40519456 t=74.4s
layer 97 new=224485 total=40743941 t=74.8s
layer 98 new=245319 total=40989260 t=75.2s
layer 99 new=270106 total=41259366 t=75.7s
layer 100 new=288277 total=41547643 t=76.2s
layer 101 new=304912 total=41852555 t=76.8s
layer 102 new=332074 total=42184629 t=77.3s
layer 103 new=362989 total=42547618 t=77.9s
layer 104 new=392008 total=42939626 t=78.7s
layer 105 new=396400 total=43336026 t=79.4s
layer 106 new=371983 total=43708009 t=80.1s
layer 107 new=350448 total=44058457 t=80.8s
layer 108 new=334182 total=44392639 t=81.5s
layer 109 new=316662 total=44709301 t=82.1s
layer 110 new=292544 total=45001845 t=82.7s
layer 111 new=266724 total=45268569 t=83.2s
layer 112 new=241648 total=45510217 t=83.7s
layer 113 new=220571 total=45730788 t=84.1s
layer 114 new=205028 total=45935816 t=84.5s
layer 115 new=189457 total=46125273 t=84.9s
layer 116 new=168125 total=46293398 t=85.2s
layer 117 new=147999 total=46441397 t=85.5s
layer 118 new=137255 total=46578652 t=85.8s
layer 119 new=131773 total=46710425 t=86.0s
layer 120 new=134339 total=46844764 t=86.2s
layer 121 new=141495 total=46986259 t=86.5s
layer 122 new=145446 total=47131705 t=86.8s
layer 123 new=145465 total=47277170 t=87.1s
layer 124 new=143996 total=47421166 t=87.3s
layer 125 new=136900 total=47558066 t=87.6s
layer 126 new=136351 total=47694417 t=87.9s
layer 127 new=145333 total=47839750 t=88.1s
layer 128 new=148047 total=47987797 t=88.4s
layer 129 new=146493 total=48134290 t=88.7s
layer 130 new=153215 total=48287505 t=88.9s
layer 131 new=168732 total=48456237 t=89.2s
layer 132 new=184558 total=48640795 t=89.5s
layer 133 new=194940 total=48835735 t=89.9s
layer 134 new=193849 total=49029584 t=90.2s
layer 135 new=190114 total=49219698 t=90.6s
layer 136 new=189632 total=49409330 t=90.9s
layer 137 new=190726 total=49600056 t=91.2s
layer 138 new=190942 total=49790998 t=91.6s
layer 139 new=181507 total=49972505 t=92.0s
layer 140 new=162547 total=50135052 t=92.3s
layer 141 new=151532 total=50286584 t=92.6s
layer 142 new=153618 total=50440202 t=92.9s
layer 143 new=161592 total=50601794 t=93.1s
layer 144 new=162290 total=50764084 t=93.4s
layer 145 new=153156 total=50917240 t=93.7s
layer 146 new=146519 total=51063759 t=94.0s
layer 147 new=146833 total=51210592 t=94.3s
layer 148 new=153429 total=51364021 t=94.6s
layer 149 new=162400 total=51526421 t=94.9s
layer 150 new=160096 total=51686517 t=95.2s
layer 151 new=150046 total=51836563 t=95.4s
layer 152 new=142427 total=51978990 t=95.7s
layer 153 new=137334 total=52116324 t=95.9s
layer 154 new=132041 total=52248365 t=96.2s
layer 155 new=127539 total=52375904 t=96.4s
layer 156 new=122501 total=52498405 t=96.7s
layer 157 new=111892 total=52610297 t=96.9s
layer 158 new=95568 total=52705865 t=97.1s
layer 159 new=80527 total=52786392 t=97.3s
layer 160 new=71346 total=52857738 t=97.4s
layer 161 new=67965 total=52925703 t=97.5s
layer 162 new=65106 total=52990809 t=97.7s
layer 163 new=58947 total=53049756 t=97.8s
layer 164 new=53862 total=53103618 t=97.9s
layer 165 new=52786 total=53156404 t=98.0s
layer 166 new=55582 total=53211986 t=98.1s
layer 167 new=62628 total=53274614 t=98.2s
layer 168 new=69141 total=53343755 t=98.3s
layer 169 new=69636 total=53413391 t=98.4s
layer 170 new=66008 total=53479399 t=98.6s
layer 171 new=63567 total=53542966 t=98.7s
layer 172 new=65327 total=53608293 t=98.8s
layer 173 new=70216 total=53678509 t=98.9s
layer 174 new=70724 total=53749233 t=99.0s
layer 175 new=63306 total=53812539 t=99.2s
layer 176 new=54804 total=53867343 t=99.3s
layer 177 new=50326 total=53917669 t=99.4s
layer 178 new=50722 total=53968391 t=99.5s
layer 179 new=53112 total=54021503 t=99.5s
layer 180 new=53906 total=54075409 t=99.6s
layer 181 new=52127 total=54127536 t=99.7s
layer 182 new=48342 total=54175878 t=99.8s
layer 183 new=43177 total=54219055 t=99.9s
layer 184 new=39925 total=54258980 t=100.0s
layer 185 new=39412 total=54298392 t=100.1s
layer 186 new=38770 total=54337162 t=100.1s
layer 187 new=36558 total=54373720 t=100.2s
layer 188 new=33984 total=54407704 t=100.3s
layer 189 new=32056 total=54439760 t=100.3s
layer 190 new=29491 total=54469251 t=100.4s
layer 191 new=27400 total=54496651 t=100.5s
layer 192 new=27256 total=54523907 t=100.5s
layer 193 new=27198 total=54551105 t=100.6s
layer 194 new=26283 total=54577388 t=100.6s
layer 195 new=25366 total=54602754 t=100.7s
layer 196 new=24473 total=54627227 t=100.7s
layer 197 new=23792 total=54651019 t=100.7s
layer 198 new=24045 total=54675064 t=100.8s
layer 199 new=25004 total=54700068 t=100.8s
layer 200 new=25563 total=54725631 t=100.9s
layer 201 new=25777 total=54751408 t=100.9s
layer 202 new=26576 total=54777984 t=101.0s
layer 203 new=28428 total=54806412 t=101.0s
layer 204 new=31650 total=54838062 t=101.1s
layer 205 new=36733 total=54874795 t=101.1s
layer 206 new=41122 total=54915917 t=101.2s
layer 207 new=41656 total=54957573 t=101.3s
layer 208 new=40370 total=54997943 t=101.3s
layer 209 new=40486 total=55038429 t=101.4s
layer 210 new=42595 total=55081024 t=101.5s
layer 211 new=45481 total=55126505 t=101.6s
layer 212 new=45470 total=55171975 t=101.7s
layer 213 new=40811 total=55212786 t=101.8s
layer 214 new=35149 total=55247935 t=101.8s
layer 215 new=30894 total=55278829 t=101.9s
layer 216 new=28277 total=55307106 t=101.9s
layer 217 new=27653 total=55334759 t=102.0s
layer 218 new=28426 total=55363185 t=102.0s
layer 219 new=29343 total=55392528 t=102.1s
layer 220 new=29211 total=55421739 t=102.2s
layer 221 new=27694 total=55449433 t=102.2s
layer 222 new=26008 total=55475441 t=102.3s
layer 223 new=24994 total=55500435 t=102.3s
layer 224 new=23886 total=55524321 t=102.4s
layer 225 new=22413 total=55546734 t=102.4s
layer 226 new=20785 total=55567519 t=102.4s
layer 227 new=19012 total=55586531 t=102.5s
layer 228 new=17337 total=55603868 t=102.5s
layer 229 new=16122 total=55619990 t=102.6s
layer 230 new=15234 total=55635224 t=102.6s
layer 231 new=14458 total=55649682 t=102.6s
layer 232 new=13355 total=55663037 t=102.6s
layer 233 new=11688 total=55674725 t=102.7s
layer 234 new=10063 total=55684788 t=102.7s
layer 235 new=8551 total=55693339 t=102.7s
layer 236 new=7044 total=55700383 t=102.7s
layer 237 new=5906 total=55706289 t=102.7s
layer 238 new=5236 total=55711525 t=102.8s
layer 239 new=4831 total=55716356 t=102.8s
layer 240 new=4599 total=55720955 t=102.8s
layer 241 new=4462 total=55725417 t=102.8s
layer 242 new=4499 total=55729916 t=102.8s
layer 243 new=4874 total=55734790 t=102.8s
layer 244 new=5337 total=55740127 t=102.8s
layer 245 new=5980 total=55746107 t=102.9s
layer 246 new=6925 total=55753032 t=102.9s
layer 247 new=7936 total=55760968 t=102.9s
layer 248 new=9044 total=55770012 t=102.9s
layer 249 new=10276 total=55780288 t=102.9s
layer 250 new=11289 total=55791577 t=103.0s
layer 251 new=11836 total=55803413 t=103.0s
layer 252 new=12044 total=55815457 t=103.0s
layer 253 new=12094 total=55827551 t=103.0s
layer 254 new=11976 total=55839527 t=103.1s
layer 255 new=11661 total=55851188 t=103.1s
layer 256 new=10999 total=55862187 t=103.1s
layer 257 new=9981 total=55872168 t=103.1s
layer 258 new=8735 total=55880903 t=103.1s
layer 259 new=7555 total=55888458 t=103.2s
layer 260 new=6787 total=55895245 t=103.2s
layer 261 new=6467 total=55901712 t=103.2s
layer 262 new=6382 total=55908094 t=103.2s
layer 263 new=6020 total=55914114 t=103.2s
layer 264 new=5712 total=55919826 t=103.2s
layer 265 new=5739 total=55925565 t=103.3s
layer 266 new=5543 total=55931108 t=103.3s
layer 267 new=5078 total=55936186 t=103.3s
layer 268 new=4627 total=55940813 t=103.3s
layer 269 new=4299 total=55945112 t=103.3s
layer 270 new=4140 total=55949252 t=103.3s
layer 271 new=4003 total=55953255 t=103.3s
layer 272 new=4061 total=55957316 t=103.3s
layer 273 new=4116 total=55961432 t=103.3s
layer 274 new=4003 total=55965435 t=103.4s
layer 275 new=4106 total=55969541 t=103.4s
layer 276 new=4266 total=55973807 t=103.4s
layer 277 new=4302 total=55978109 t=103.4s
layer 278 new=4081 total=55982190 t=103.4s
layer 279 new=3776 total=55985966 t=103.4s
layer 280 new=3594 total=55989560 t=103.4s
layer 281 new=3503 total=55993063 t=103.4s
layer 282 new=3528 total=55996591 t=103.4s
layer 283 new=3531 total=56000122 t=103.5s
layer 284 new=3493 total=56003615 t=103.5s
layer 285 new=3538 total=56007153 t=103.5s
layer 286 new=3725 total=56010878 t=103.5s
layer 287 new=3893 total=56014771 t=103.5s
layer 288 new=3913 total=56018684 t=103.5s
layer 289 new=3781 total=56022465 t=103.5s
layer 290 new=3616 total=56026081 t=103.5s
layer 291 new=3626 total=56029707 t=103.5s
layer 292 new=3917 total=56033624 t=103.6s
layer 293 new=4407 total=56038031 t=103.6s
layer 294 new=5058 total=56043089 t=103.6s
layer 295 new=5880 total=56048969 t=103.6s
layer 296 new=6719 total=56055688 t=103.6s
layer 297 new=7323 total=56063011 t=103.6s
layer 298 new=7674 total=56070685 t=103.6s
layer 299 new=7763 total=56078448 t=103.7s
layer 300 new=7591 total=56086039 t=103.7s
layer 301 new=7509 total=56093548 t=103.7s
layer 302 new=7666 total=56101214 t=103.7s
layer 303 new=7792 total=56109006 t=103.7s
layer 304 new=7772 total=56116778 t=103.8s
layer 305 new=7422 total=56124200 t=103.8s
layer 306 new=6728 total=56130928 t=103.8s
layer 307 new=5962 total=56136890 t=103.8s
layer 308 new=4996 total=56141886 t=103.8s
layer 309 new=4124 total=56146010 t=103.8s
layer 310 new=3665 total=56149675 t=103.8s
layer 311 new=3392 total=56153067 t=103.9s
layer 312 new=3174 total=56156241 t=103.9s
layer 313 new=2802 total=56159043 t=103.9s
layer 314 new=2185 total=56161228 t=103.9s
layer 315 new=1660 total=56162888 t=103.9s
layer 316 new=1195 total=56164083 t=103.9s
layer 317 new=747 total=56164830 t=103.9s
layer 318 new=569 total=56165399 t=103.9s
layer 319 new=510 total=56165909 t=103.9s
layer 320 new=490 total=56166399 t=103.9s
layer 321 new=480 total=56166879 t=103.9s
layer 322 new=337 total=56167216 t=103.9s
layer 323 new=209 total=56167425 t=103.9s
layer 324 new=134 total=56167559 t=103.9s
layer 325 new=67 total=56167626 t=103.9s
layer 326 new=45 total=56167671 t=103.9s
layer 327 new=18 total=56167689 t=103.9s
layer 328 new=0 total=56167689 t=103.9s
RESULT cap=25 mode=quot16 size=56167689 radius=327 NOT-TRIVIAL (component exhausted, (x,y) absent)
peak_three_layers=2294210
HIT ms0359 dist=0
HIT ms0415 dist=2
HIT BM_P1 dist=3
HIT ms1003 dist=31
HIT ms1115 dist=32
HIT ms0905 dist=65
HIT ms0996 dist=66
      103.92 real       101.56 user         0.80 sys
           212992000  maximum resident set size
                   0  average shared memory size
                   0  average unshared data size
                   0  average unshared stack size
               92338  page reclaims
                   8  page faults
                   0  swaps
                   0  block input operations
                   0  block output operations
                   0  messages sent
                   0  messages received
                   0  signals received
                   6  voluntary context switches
               46991  involuntary context switches
       1551860192664  instructions retired
        339622347914  cycles elapsed
            85967616  peak memory footprint
