# fcc cap=25 mode=quot16 start=XyyxYYY | xyXXyxx
layer 1 new=14 total=15 t=0.0s
layer 2 new=135 total=150 t=0.0s
layer 3 new=978 total=1128 t=0.0s
layer 4 new=5074 total=6202 t=0.0s
layer 5 new=19915 total=26117 t=0.0s
layer 6 new=60065 total=86182 t=0.1s
layer 7 new=143064 total=229246 t=0.3s
layer 8 new=282638 total=511884 t=0.6s
layer 9 new=475919 total=987803 t=1.2s
layer 10 new=691502 total=1679305 t=2.2s
layer 11 new=878947 total=2558252 t=3.5s
layer 12 new=1016841 total=3575093 t=5.2s
layer 13 new=1093796 total=4668889 t=7.1s
layer 14 new=1130636 total=5799525 t=9.2s
layer 15 new=1138673 total=6938198 t=11.4s
layer 16 new=1095556 total=8033754 t=13.6s
layer 17 new=986585 total=9020339 t=15.7s
layer 18 new=850105 total=9870444 t=17.6s
layer 19 new=746275 total=10616719 t=19.1s
layer 20 new=688610 total=11305329 t=20.6s
layer 21 new=634041 total=11939370 t=22.0s
layer 22 new=536709 total=12476079 t=23.1s
layer 23 new=427551 total=12903630 t=24.1s
layer 24 new=362562 total=13266192 t=24.9s
layer 25 new=344136 total=13610328 t=25.5s
layer 26 new=340770 total=13951098 t=26.2s
layer 27 new=334489 total=14285587 t=26.8s
layer 28 new=319808 total=14605395 t=27.4s
layer 29 new=304371 total=14909766 t=28.0s
layer 30 new=308657 total=15218423 t=28.6s
layer 31 new=342436 total=15560859 t=29.1s
layer 32 new=377004 total=15937863 t=29.8s
layer 33 new=407400 total=16345263 t=30.5s
layer 34 new=437193 total=16782456 t=31.3s
layer 35 new=491717 total=17274173 t=32.1s
layer 36 new=595281 total=17869454 t=33.0s
layer 37 new=713716 total=18583170 t=34.1s
layer 38 new=815552 total=19398722 t=35.5s
layer 39 new=884489 total=20283211 t=37.1s
layer 40 new=939511 total=21222722 t=38.8s
layer 41 new=999883 total=22222605 t=40.5s
layer 42 new=1054299 total=23276904 t=42.3s
layer 43 new=1054013 total=24330917 t=44.3s
layer 44 new=997704 total=25328621 t=46.3s
layer 45 new=921502 total=26250123 t=48.1s
layer 46 new=833982 total=27084105 t=49.8s
layer 47 new=761058 total=27845163 t=51.4s
layer 48 new=701859 total=28547022 t=52.9s
layer 49 new=636995 total=29184017 t=54.2s
layer 50 new=596683 total=29780700 t=55.4s
layer 51 new=571140 total=30351840 t=56.5s
layer 52 new=543539 total=30895379 t=57.6s
layer 53 new=538349 total=31433728 t=58.6s
layer 54 new=539827 total=31973555 t=59.6s
layer 55 new=534590 total=32508145 t=60.6s
layer 56 new=539885 total=33048030 t=61.6s
layer 57 new=569332 total=33617362 t=62.6s
layer 58 new=601790 total=34219152 t=63.7s
layer 59 new=620203 total=34839355 t=64.8s
layer 60 new=628807 total=35468162 t=65.9s
layer 61 new=621222 total=36089384 t=67.1s
layer 62 new=611861 total=36701245 t=68.3s
layer 63 new=598271 total=37299516 t=69.4s
layer 64 new=571490 total=37871006 t=70.5s
layer 65 new=518946 total=38389952 t=71.6s
layer 66 new=477823 total=38867775 t=72.6s
layer 67 new=466084 total=39333859 t=73.5s
layer 68 new=471218 total=39805077 t=74.4s
layer 69 new=493558 total=40298635 t=75.4s
layer 70 new=529083 total=40827718 t=76.3s
layer 71 new=570241 total=41397959 t=77.3s
layer 72 new=597076 total=41995035 t=78.5s
layer 73 new=599961 total=42594996 t=79.7s
layer 74 new=587117 total=43182113 t=80.9s
layer 75 new=572789 total=43754902 t=82.0s
layer 76 new=540080 total=44294982 t=83.1s
layer 77 new=484067 total=44779049 t=84.1s
layer 78 new=435287 total=45214336 t=85.0s
layer 79 new=397825 total=45612161 t=85.9s
layer 80 new=359174 total=45971335 t=86.7s
layer 81 new=323461 total=46294796 t=87.3s
layer 82 new=285239 total=46580035 t=87.9s
layer 83 new=252455 total=46832490 t=88.4s
layer 84 new=227581 total=47060071 t=88.9s
layer 85 new=207158 total=47267229 t=89.3s
layer 86 new=200013 total=47467242 t=89.8s
layer 87 new=200057 total=47667299 t=90.2s
layer 88 new=194644 total=47861943 t=90.6s
layer 89 new=191225 total=48053168 t=90.9s
layer 90 new=190707 total=48243875 t=91.3s
layer 91 new=192632 total=48436507 t=91.7s
layer 92 new=205196 total=48641703 t=92.1s
layer 93 new=226049 total=48867752 t=92.5s
layer 94 new=239242 total=49106994 t=92.9s
layer 95 new=246408 total=49353402 t=93.4s
layer 96 new=268409 total=49621811 t=93.8s
layer 97 new=296167 total=49917978 t=94.3s
layer 98 new=313711 total=50231689 t=94.9s
layer 99 new=318698 total=50550387 t=95.5s
layer 100 new=314407 total=50864794 t=96.1s
layer 101 new=315434 total=51180228 t=96.7s
layer 102 new=337727 total=51517955 t=97.4s
layer 103 new=367871 total=51885826 t=98.0s
layer 104 new=390032 total=52275858 t=98.7s
layer 105 new=384175 total=52660033 t=99.4s
layer 106 new=356529 total=53016562 t=100.1s
layer 107 new=343948 total=53360510 t=100.8s
layer 108 new=346140 total=53706650 t=101.5s
layer 109 new=336273 total=54042923 t=102.1s
layer 110 new=312803 total=54355726 t=102.7s
layer 111 new=281016 total=54636742 t=103.3s
layer 112 new=258704 total=54895446 t=103.8s
layer 113 new=251568 total=55147014 t=104.3s
layer 114 new=242500 total=55389514 t=104.7s
layer 115 new=227981 total=55617495 t=105.2s
layer 116 new=207018 total=55824513 t=105.6s
layer 117 new=193292 total=56017805 t=106.0s
layer 118 new=191593 total=56209398 t=106.4s
layer 119 new=198889 total=56408287 t=106.7s
layer 120 new=218923 total=56627210 t=107.1s
layer 121 new=244529 total=56871739 t=107.5s
layer 122 new=257431 total=57129170 t=108.0s
layer 123 new=263373 total=57392543 t=108.4s
layer 124 new=266358 total=57658901 t=109.0s
layer 125 new=251796 total=57910697 t=109.5s
layer 126 new=236502 total=58147199 t=110.0s
layer 127 new=216576 total=58363775 t=110.4s
layer 128 new=192294 total=58556069 t=110.8s
layer 129 new=170451 total=58726520 t=111.2s
layer 130 new=161304 total=58887824 t=111.5s
layer 131 new=162512 total=59050336 t=111.8s
layer 132 new=171198 total=59221534 t=112.1s
layer 133 new=176629 total=59398163 t=112.4s
layer 134 new=169483 total=59567646 t=112.7s
layer 135 new=161667 total=59729313 t=113.0s
layer 136 new=163130 total=59892443 t=113.3s
layer 137 new=175240 total=60067683 t=113.6s
layer 138 new=188208 total=60255891 t=114.0s
layer 139 new=183713 total=60439604 t=114.3s
layer 140 new=163692 total=60603296 t=114.7s
layer 141 new=154127 total=60757423 t=115.0s
layer 142 new=160046 total=60917469 t=115.2s
layer 143 new=174702 total=61092171 t=115.5s
layer 144 new=184894 total=61277065 t=115.9s
layer 145 new=172289 total=61449354 t=116.2s
layer 146 new=146146 total=61595500 t=116.5s
layer 147 new=132320 total=61727820 t=116.8s
layer 148 new=129170 total=61856990 t=117.0s
layer 149 new=127287 total=61984277 t=117.3s
layer 150 new=118257 total=62102534 t=117.5s
layer 151 new=106561 total=62209095 t=117.7s
layer 152 new=94486 total=62303581 t=117.9s
layer 153 new=87531 total=62391112 t=118.1s
layer 154 new=85022 total=62476134 t=118.2s
layer 155 new=87433 total=62563567 t=118.4s
layer 156 new=89379 total=62652946 t=118.6s
layer 157 new=83301 total=62736247 t=118.7s
layer 158 new=73427 total=62809674 t=118.9s
layer 159 new=69196 total=62878870 t=119.0s
layer 160 new=69880 total=62948750 t=119.1s
layer 161 new=74366 total=63023116 t=119.3s
layer 162 new=78834 total=63101950 t=119.4s
layer 163 new=77711 total=63179661 t=119.5s
layer 164 new=71308 total=63250969 t=119.7s
layer 165 new=67375 total=63318344 t=119.8s
layer 166 new=68625 total=63386969 t=119.9s
layer 167 new=74827 total=63461796 t=120.0s
layer 168 new=78872 total=63540668 t=120.2s
layer 169 new=77184 total=63617852 t=120.3s
layer 170 new=71515 total=63689367 t=120.5s
layer 171 new=67515 total=63756882 t=120.6s
layer 172 new=68594 total=63825476 t=120.7s
layer 173 new=73387 total=63898863 t=120.8s
layer 174 new=74725 total=63973588 t=121.0s
layer 175 new=68693 total=64042281 t=121.1s
layer 176 new=62688 total=64104969 t=121.2s
layer 177 new=60417 total=64165386 t=121.3s
layer 178 new=61824 total=64227210 t=121.4s
layer 179 new=65033 total=64292243 t=121.6s
layer 180 new=66405 total=64358648 t=121.7s
layer 181 new=63778 total=64422426 t=121.8s
layer 182 new=59802 total=64482228 t=121.9s
layer 183 new=56070 total=64538298 t=122.0s
layer 184 new=52405 total=64590703 t=122.1s
layer 185 new=51335 total=64642038 t=122.2s
layer 186 new=50703 total=64692741 t=122.3s
layer 187 new=47624 total=64740365 t=122.4s
layer 188 new=41813 total=64782178 t=122.5s
layer 189 new=37086 total=64819264 t=122.6s
layer 190 new=35324 total=64854588 t=122.6s
layer 191 new=36371 total=64890959 t=122.7s
layer 192 new=38638 total=64929597 t=122.8s
layer 193 new=38911 total=64968508 t=122.8s
layer 194 new=37222 total=65005730 t=122.9s
layer 195 new=35408 total=65041138 t=123.0s
layer 196 new=34192 total=65075330 t=123.0s
layer 197 new=34463 total=65109793 t=123.1s
layer 198 new=37872 total=65147665 t=123.2s
layer 199 new=42316 total=65189981 t=123.2s
layer 200 new=42895 total=65232876 t=123.3s
layer 201 new=39558 total=65272434 t=123.4s
layer 202 new=35839 total=65308273 t=123.5s
layer 203 new=34401 total=65342674 t=123.5s
layer 204 new=36825 total=65379499 t=123.6s
layer 205 new=41835 total=65421334 t=123.7s
layer 206 new=45006 total=65466340 t=123.7s
layer 207 new=43625 total=65509965 t=123.8s
layer 208 new=40506 total=65550471 t=123.9s
layer 209 new=39524 total=65589995 t=124.0s
layer 210 new=40827 total=65630822 t=124.0s
layer 211 new=43664 total=65674486 t=124.1s
layer 212 new=44739 total=65719225 t=124.2s
layer 213 new=40855 total=65760080 t=124.3s
layer 214 new=34243 total=65794323 t=124.4s
layer 215 new=29599 total=65823922 t=124.4s
layer 216 new=27875 total=65851797 t=124.5s
layer 217 new=27433 total=65879230 t=124.5s
layer 218 new=26609 total=65905839 t=124.6s
layer 219 new=24934 total=65930773 t=124.6s
layer 220 new=23577 total=65954350 t=124.7s
layer 221 new=22502 total=65976852 t=124.7s
layer 222 new=22323 total=65999175 t=124.8s
layer 223 new=23296 total=66022471 t=124.8s
layer 224 new=24209 total=66046680 t=124.8s
layer 225 new=24017 total=66070697 t=124.9s
layer 226 new=24278 total=66094975 t=124.9s
layer 227 new=23344 total=66118319 t=125.0s
layer 228 new=20753 total=66139072 t=125.0s
layer 229 new=18799 total=66157871 t=125.1s
layer 230 new=17229 total=66175100 t=125.1s
layer 231 new=16610 total=66191710 t=125.1s
layer 232 new=16155 total=66207865 t=125.2s
layer 233 new=16599 total=66224464 t=125.2s
layer 234 new=16197 total=66240661 t=125.2s
layer 235 new=14280 total=66254941 t=125.3s
layer 236 new=12546 total=66267487 t=125.3s
layer 237 new=11026 total=66278513 t=125.3s
layer 238 new=9953 total=66288466 t=125.3s
layer 239 new=9996 total=66298462 t=125.4s
layer 240 new=11215 total=66309677 t=125.4s
layer 241 new=12157 total=66321834 t=125.4s
layer 242 new=12212 total=66334046 t=125.4s
layer 243 new=11094 total=66345140 t=125.4s
layer 244 new=10021 total=66355161 t=125.5s
layer 245 new=10056 total=66365217 t=125.5s
layer 246 new=11204 total=66376421 t=125.5s
layer 247 new=12483 total=66388904 t=125.5s
layer 248 new=13570 total=66402474 t=125.6s
layer 249 new=14547 total=66417021 t=125.6s
layer 250 new=15151 total=66432172 t=125.6s
layer 251 new=14910 total=66447082 t=125.6s
layer 252 new=14632 total=66461714 t=125.7s
layer 253 new=15207 total=66476921 t=125.7s
layer 254 new=16238 total=66493159 t=125.7s
layer 255 new=16735 total=66509894 t=125.8s
layer 256 new=16094 total=66525988 t=125.8s
layer 257 new=14339 total=66540327 t=125.8s
layer 258 new=12536 total=66552863 t=125.9s
layer 259 new=11717 total=66564580 t=125.9s
layer 260 new=11376 total=66575956 t=125.9s
layer 261 new=10559 total=66586515 t=125.9s
layer 262 new=9209 total=66595724 t=125.9s
layer 263 new=7759 total=66603483 t=126.0s
layer 264 new=6623 total=66610106 t=126.0s
layer 265 new=5749 total=66615855 t=126.0s
layer 266 new=4834 total=66620689 t=126.0s
layer 267 new=4085 total=66624774 t=126.0s
layer 268 new=3654 total=66628428 t=126.0s
layer 269 new=3455 total=66631883 t=126.0s
layer 270 new=3635 total=66635518 t=126.1s
layer 271 new=4059 total=66639577 t=126.1s
layer 272 new=4183 total=66643760 t=126.1s
layer 273 new=4084 total=66647844 t=126.1s
layer 274 new=4214 total=66652058 t=126.1s
layer 275 new=4479 total=66656537 t=126.1s
layer 276 new=4505 total=66661042 t=126.1s
layer 277 new=4176 total=66665218 t=126.1s
layer 278 new=3823 total=66669041 t=126.2s
layer 279 new=3635 total=66672676 t=126.2s
layer 280 new=3560 total=66676236 t=126.2s
layer 281 new=3733 total=66679969 t=126.2s
layer 282 new=3915 total=66683884 t=126.2s
layer 283 new=3887 total=66687771 t=126.2s
layer 284 new=3711 total=66691482 t=126.2s
layer 285 new=3555 total=66695037 t=126.2s
layer 286 new=3586 total=66698623 t=126.3s
layer 287 new=3599 total=66702222 t=126.3s
layer 288 new=3559 total=66705781 t=126.3s
layer 289 new=3617 total=66709398 t=126.3s
layer 290 new=3851 total=66713249 t=126.3s
layer 291 new=4244 total=66717493 t=126.3s
layer 292 new=4741 total=66722234 t=126.3s
layer 293 new=5143 total=66727377 t=126.3s
layer 294 new=5408 total=66732785 t=126.4s
layer 295 new=5593 total=66738378 t=126.4s
layer 296 new=5519 total=66743897 t=126.4s
layer 297 new=5218 total=66749115 t=126.4s
layer 298 new=4878 total=66753993 t=126.4s
layer 299 new=4677 total=66758670 t=126.4s
layer 300 new=4360 total=66763030 t=126.4s
layer 301 new=4017 total=66767047 t=126.4s
layer 302 new=3694 total=66770741 t=126.5s
layer 303 new=3157 total=66773898 t=126.5s
layer 304 new=2744 total=66776642 t=126.5s
layer 305 new=2525 total=66779167 t=126.5s
layer 306 new=2416 total=66781583 t=126.5s
layer 307 new=2299 total=66783882 t=126.5s
layer 308 new=2162 total=66786044 t=126.5s
layer 309 new=2097 total=66788141 t=126.5s
layer 310 new=1969 total=66790110 t=126.5s
layer 311 new=1776 total=66791886 t=126.5s
layer 312 new=1547 total=66793433 t=126.6s
layer 313 new=1261 total=66794694 t=126.6s
layer 314 new=937 total=66795631 t=126.6s
layer 315 new=639 total=66796270 t=126.6s
layer 316 new=468 total=66796738 t=126.6s
layer 317 new=328 total=66797066 t=126.6s
layer 318 new=185 total=66797251 t=126.6s
layer 319 new=123 total=66797374 t=126.6s
layer 320 new=111 total=66797485 t=126.6s
layer 321 new=81 total=66797566 t=126.6s
layer 322 new=26 total=66797592 t=126.6s
layer 323 new=0 total=66797592 t=126.6s
RESULT cap=25 mode=quot16 size=66797592 radius=322 NOT-TRIVIAL (component exhausted, (x,y) absent)
peak_three_layers=3364865
HIT ms0352 dist=0
HIT ms0366 dist=6
HIT ms1038 dist=31
HIT ms1108 dist=33
HIT ms1031 dist=65
HIT ms0898 dist=65
      126.59 real       121.78 user         1.00 sys
           212762624  maximum resident set size
                   0  average shared memory size
                   0  average unshared data size
                   0  average unshared stack size
              144320  page reclaims
                   4  page faults
                   0  swaps
                   0  block input operations
                   0  block output operations
                   0  messages sent
                   0  messages received
                   0  signals received
                  21  voluntary context switches
               58101  involuntary context switches
       1847750214557  instructions retired
        406095651791  cycles elapsed
           134366024  peak memory footprint
