# fcc cap=25 mode=quot16 start=XyyyyyxYYYYYY | xyyXyx
layer 1 new=12 total=13 t=0.0s
layer 2 new=79 total=92 t=0.0s
layer 3 new=390 total=482 t=0.0s
layer 4 new=1378 total=1860 t=0.0s
layer 5 new=3552 total=5412 t=0.0s
layer 6 new=7283 total=12695 t=0.0s
layer 7 new=12922 total=25617 t=0.0s
layer 8 new=20913 total=46530 t=0.1s
layer 9 new=31989 total=78519 t=0.1s
layer 10 new=47089 total=125608 t=0.2s
layer 11 new=66957 total=192565 t=0.3s
layer 12 new=92581 total=285146 t=0.4s
layer 13 new=125530 total=410676 t=0.6s
layer 14 new=167225 total=577901 t=0.8s
layer 15 new=218335 total=796236 t=1.1s
layer 16 new=279399 total=1075635 t=1.5s
layer 17 new=350250 total=1425885 t=2.0s
layer 18 new=427625 total=1853510 t=2.7s
layer 19 new=506237 total=2359747 t=3.5s
layer 20 new=581781 total=2941528 t=4.4s
layer 21 new=649316 total=3590844 t=5.4s
layer 22 new=701933 total=4292777 t=6.6s
layer 23 new=731697 total=5024474 t=7.9s
layer 24 new=737166 total=5761640 t=9.3s
layer 25 new=717141 total=6478781 t=10.7s
layer 26 new=676570 total=7155351 t=12.0s
layer 27 new=626613 total=7781964 t=13.2s
layer 28 new=572507 total=8354471 t=14.4s
layer 29 new=516969 total=8871440 t=15.4s
layer 30 new=460470 total=9331910 t=16.3s
layer 31 new=405448 total=9737358 t=17.1s
layer 32 new=352064 total=10089422 t=17.8s
layer 33 new=302985 total=10392407 t=18.4s
layer 34 new=260765 total=10653172 t=19.0s
layer 35 new=223748 total=10876920 t=19.4s
layer 36 new=188950 total=11065870 t=19.8s
layer 37 new=157276 total=11223146 t=20.1s
layer 38 new=129565 total=11352711 t=20.4s
layer 39 new=105139 total=11457850 t=20.6s
layer 40 new=84653 total=11542503 t=20.8s
layer 41 new=67942 total=11610445 t=21.0s
layer 42 new=53417 total=11663862 t=21.1s
layer 43 new=40658 total=11704520 t=21.2s
layer 44 new=29741 total=11734261 t=21.3s
layer 45 new=21116 total=11755377 t=21.3s
layer 46 new=15554 total=11770931 t=21.3s
layer 47 new=11628 total=11782559 t=21.4s
layer 48 new=8712 total=11791271 t=21.4s
layer 49 new=6324 total=11797595 t=21.4s
layer 50 new=4331 total=11801926 t=21.4s
layer 51 new=3091 total=11805017 t=21.4s
layer 52 new=2288 total=11807305 t=21.5s
layer 53 new=1908 total=11809213 t=21.5s
layer 54 new=2005 total=11811218 t=21.5s
layer 55 new=2041 total=11813259 t=21.5s
layer 56 new=2047 total=11815306 t=21.5s
layer 57 new=2904 total=11818210 t=21.5s
layer 58 new=4442 total=11822652 t=21.5s
layer 59 new=5792 total=11828444 t=21.5s
layer 60 new=6602 total=11835046 t=21.5s
layer 61 new=8051 total=11843097 t=21.5s
layer 62 new=9450 total=11852547 t=21.6s
layer 63 new=9806 total=11862353 t=21.6s
layer 64 new=12001 total=11874354 t=21.6s
layer 65 new=14877 total=11889231 t=21.6s
layer 66 new=16230 total=11905461 t=21.7s
layer 67 new=17882 total=11923343 t=21.7s
layer 68 new=21496 total=11944839 t=21.7s
layer 69 new=29068 total=11973907 t=21.8s
layer 70 new=38516 total=12012423 t=21.8s
layer 71 new=44389 total=12056812 t=21.9s
layer 72 new=44840 total=12101652 t=22.0s
layer 73 new=43062 total=12144714 t=22.0s
layer 74 new=42353 total=12187067 t=22.1s
layer 75 new=42332 total=12229399 t=22.2s
layer 76 new=41673 total=12271072 t=22.3s
layer 77 new=39280 total=12310352 t=22.3s
layer 78 new=38061 total=12348413 t=22.4s
layer 79 new=38306 total=12386719 t=22.5s
layer 80 new=38640 total=12425359 t=22.6s
layer 81 new=38483 total=12463842 t=22.6s
layer 82 new=37982 total=12501824 t=22.7s
layer 83 new=39039 total=12540863 t=22.8s
layer 84 new=39797 total=12580660 t=22.8s
layer 85 new=39904 total=12620564 t=22.9s
layer 86 new=38388 total=12658952 t=23.0s
layer 87 new=33889 total=12692841 t=23.0s
layer 88 new=28856 total=12721697 t=23.1s
layer 89 new=25765 total=12747462 t=23.2s
layer 90 new=24498 total=12771960 t=23.2s
layer 91 new=24010 total=12795970 t=23.2s
layer 92 new=22972 total=12818942 t=23.3s
layer 93 new=22301 total=12841243 t=23.3s
layer 94 new=23246 total=12864489 t=23.4s
layer 95 new=25057 total=12889546 t=23.4s
layer 96 new=26235 total=12915781 t=23.4s
layer 97 new=26742 total=12942523 t=23.5s
layer 98 new=27480 total=12970003 t=23.6s
layer 99 new=28307 total=12998310 t=23.6s
layer 100 new=28317 total=13026627 t=23.7s
layer 101 new=26965 total=13053592 t=23.7s
layer 102 new=25181 total=13078773 t=23.8s
layer 103 new=25291 total=13104064 t=23.8s
layer 104 new=24526 total=13128590 t=23.8s
layer 105 new=22352 total=13150942 t=23.9s
layer 106 new=21079 total=13172021 t=23.9s
layer 107 new=19646 total=13191667 t=24.0s
layer 108 new=17729 total=13209396 t=24.0s
layer 109 new=16880 total=13226276 t=24.0s
layer 110 new=17242 total=13243518 t=24.1s
layer 111 new=18402 total=13261920 t=24.1s
layer 112 new=18233 total=13280153 t=24.1s
layer 113 new=16041 total=13296194 t=24.2s
layer 114 new=13868 total=13310062 t=24.2s
layer 115 new=12199 total=13322261 t=24.2s
layer 116 new=11361 total=13333622 t=24.2s
layer 117 new=10889 total=13344511 t=24.3s
layer 118 new=11190 total=13355701 t=24.3s
layer 119 new=11861 total=13367562 t=24.3s
layer 120 new=12143 total=13379705 t=24.3s
layer 121 new=11744 total=13391449 t=24.4s
layer 122 new=10049 total=13401498 t=24.4s
layer 123 new=8650 total=13410148 t=24.4s
layer 124 new=8745 total=13418893 t=24.4s
layer 125 new=9723 total=13428616 t=24.4s
layer 126 new=11384 total=13440000 t=24.5s
layer 127 new=13665 total=13453665 t=24.5s
layer 128 new=16450 total=13470115 t=24.5s
layer 129 new=18474 total=13488589 t=24.5s
layer 130 new=17743 total=13506332 t=24.6s
layer 131 new=15112 total=13521444 t=24.6s
layer 132 new=13624 total=13535068 t=24.6s
layer 133 new=12407 total=13547475 t=24.7s
layer 134 new=11970 total=13559445 t=24.7s
layer 135 new=12631 total=13572076 t=24.7s
layer 136 new=13095 total=13585171 t=24.7s
layer 137 new=12086 total=13597257 t=24.8s
layer 138 new=9969 total=13607226 t=24.8s
layer 139 new=9101 total=13616327 t=24.8s
layer 140 new=9806 total=13626133 t=24.8s
layer 141 new=9503 total=13635636 t=24.9s
layer 142 new=8961 total=13644597 t=24.9s
layer 143 new=7556 total=13652153 t=24.9s
layer 144 new=6747 total=13658900 t=24.9s
layer 145 new=6797 total=13665697 t=24.9s
layer 146 new=7304 total=13673001 t=25.0s
layer 147 new=7503 total=13680504 t=25.0s
layer 148 new=7131 total=13687635 t=25.0s
layer 149 new=5776 total=13693411 t=25.0s
layer 150 new=4775 total=13698186 t=25.0s
layer 151 new=4735 total=13702921 t=25.0s
layer 152 new=4703 total=13707624 t=25.0s
layer 153 new=5114 total=13712738 t=25.1s
layer 154 new=5698 total=13718436 t=25.1s
layer 155 new=5818 total=13724254 t=25.1s
layer 156 new=5521 total=13729775 t=25.1s
layer 157 new=4312 total=13734087 t=25.1s
layer 158 new=3680 total=13737767 t=25.1s
layer 159 new=3221 total=13740988 t=25.1s
layer 160 new=3062 total=13744050 t=25.1s
layer 161 new=3541 total=13747591 t=25.1s
layer 162 new=4122 total=13751713 t=25.2s
layer 163 new=4455 total=13756168 t=25.2s
layer 164 new=3909 total=13760077 t=25.2s
layer 165 new=3647 total=13763724 t=25.2s
layer 166 new=3592 total=13767316 t=25.2s
layer 167 new=2999 total=13770315 t=25.2s
layer 168 new=2547 total=13772862 t=25.2s
layer 169 new=2340 total=13775202 t=25.2s
layer 170 new=2083 total=13777285 t=25.2s
layer 171 new=2234 total=13779519 t=25.3s
layer 172 new=3082 total=13782601 t=25.3s
layer 173 new=4176 total=13786777 t=25.3s
layer 174 new=5185 total=13791962 t=25.3s
layer 175 new=5337 total=13797299 t=25.3s
layer 176 new=5329 total=13802628 t=25.3s
layer 177 new=4931 total=13807559 t=25.3s
layer 178 new=4507 total=13812066 t=25.3s
layer 179 new=4040 total=13816106 t=25.3s
layer 180 new=4393 total=13820499 t=25.4s
layer 181 new=5280 total=13825779 t=25.4s
layer 182 new=6411 total=13832190 t=25.4s
layer 183 new=7891 total=13840081 t=25.4s
layer 184 new=8754 total=13848835 t=25.4s
layer 185 new=8352 total=13857187 t=25.4s
layer 186 new=6524 total=13863711 t=25.5s
layer 187 new=5457 total=13869168 t=25.5s
layer 188 new=5064 total=13874232 t=25.5s
layer 189 new=5253 total=13879485 t=25.5s
layer 190 new=5422 total=13884907 t=25.5s
layer 191 new=6143 total=13891050 t=25.5s
layer 192 new=7389 total=13898439 t=25.5s
layer 193 new=7921 total=13906360 t=25.6s
layer 194 new=6891 total=13913251 t=25.6s
layer 195 new=5232 total=13918483 t=25.6s
layer 196 new=4997 total=13923480 t=25.6s
layer 197 new=5767 total=13929247 t=25.6s
layer 198 new=6303 total=13935550 t=25.6s
layer 199 new=6876 total=13942426 t=25.7s
layer 200 new=8257 total=13950683 t=25.7s
layer 201 new=10289 total=13960972 t=25.7s
layer 202 new=13651 total=13974623 t=25.7s
layer 203 new=18780 total=13993403 t=25.7s
layer 204 new=26287 total=14019690 t=25.8s
layer 205 new=37028 total=14056718 t=25.8s
layer 206 new=50292 total=14107010 t=25.9s
layer 207 new=65759 total=14172769 t=26.0s
layer 208 new=75660 total=14248429 t=26.1s
layer 209 new=80484 total=14328913 t=26.2s
layer 210 new=78364 total=14407277 t=26.4s
layer 211 new=79635 total=14486912 t=26.5s
layer 212 new=84789 total=14571701 t=26.6s
layer 213 new=92591 total=14664292 t=26.8s
layer 214 new=97507 total=14761799 t=27.0s
layer 215 new=94949 total=14856748 t=27.1s
layer 216 new=94850 total=14951598 t=27.3s
layer 217 new=97022 total=15048620 t=27.5s
layer 218 new=99807 total=15148427 t=27.6s
layer 219 new=100075 total=15248502 t=27.8s
layer 220 new=92085 total=15340587 t=28.0s
layer 221 new=78724 total=15419311 t=28.1s
layer 222 new=68143 total=15487454 t=28.3s
layer 223 new=68684 total=15556138 t=28.4s
layer 224 new=83326 total=15639464 t=28.5s
layer 225 new=109400 total=15748864 t=28.7s
layer 226 new=141240 total=15890104 t=28.9s
layer 227 new=175576 total=16065680 t=29.1s
layer 228 new=224298 total=16289978 t=29.4s
layer 229 new=297031 total=16587009 t=29.9s
layer 230 new=400993 total=16988002 t=30.4s
layer 231 new=546714 total=17534716 t=31.2s
layer 232 new=727965 total=18262681 t=32.2s
layer 233 new=929697 total=19192378 t=33.6s
layer 234 new=1134165 total=20326543 t=35.3s
layer 235 new=1374280 total=21700823 t=37.4s
layer 236 new=1656410 total=23357233 t=40.2s
layer 237 new=1933275 total=25290508 t=43.3s
layer 238 new=2129867 total=27420375 t=46.9s
layer 239 new=2218196 total=29638571 t=50.8s
layer 240 new=2176320 total=31814891 t=54.8s
layer 241 new=2109919 total=33924810 t=58.8s
layer 242 new=2081864 total=36006674 t=62.6s
layer 243 new=2034958 total=38041632 t=66.4s
layer 244 new=1897326 total=39938958 t=70.2s
layer 245 new=1726715 total=41665673 t=73.6s
layer 246 new=1607480 total=43273153 t=76.8s
layer 247 new=1529052 total=44802205 t=79.7s
layer 248 new=1481158 total=46283363 t=82.5s
layer 249 new=1536027 total=47819390 t=85.2s
layer 250 new=1715973 total=49535363 t=88.1s
layer 251 new=2047890 total=51583253 t=91.3s
layer 252 new=2441908 total=54025161 t=95.2s
layer 253 new=2860855 total=56886016 t=99.8s
layer 254 new=3322038 total=60208054 t=105.1s
layer 255 new=3766143 total=63974197 t=111.4s
layer 256 new=4158053 total=68132250 t=118.5s
layer 257 new=4369568 total=72501818 t=126.1s
layer 258 new=4336004 total=76837822 t=134.0s
layer 259 new=4109917 total=80947739 t=141.8s
layer 260 new=3725356 total=84673095 t=149.3s
layer 261 new=3242648 total=87915743 t=156.1s
layer 262 new=2731208 total=90646951 t=162.0s
layer 263 new=2251406 total=92898357 t=167.0s
layer 264 new=1880619 total=94778976 t=171.1s
layer 265 new=1648802 total=96427778 t=174.5s
layer 266 new=1546853 total=97974631 t=177.5s
layer 267 new=1530758 total=99505389 t=180.3s
layer 268 new=1567457 total=101072846 t=183.2s
layer 269 new=1640798 total=102713644 t=186.1s
layer 270 new=1725611 total=104439255 t=189.2s
layer 271 new=1813103 total=106252358 t=192.3s
layer 272 new=1931359 total=108183717 t=195.7s
layer 273 new=2080424 total=110264141 t=199.2s
layer 274 new=2202958 total=112467099 t=203.0s
layer 275 new=2272512 total=114739611 t=207.1s
layer 276 new=2224214 total=116963825 t=211.2s
layer 277 new=2044204 total=119008029 t=215.2s
layer 278 new=1772788 total=120780817 t=218.9s
layer 279 new=1493000 total=122273817 t=222.1s
layer 280 new=1276160 total=123549977 t=224.8s
layer 281 new=1151302 total=124701279 t=227.1s
layer 282 new=1078500 total=125779779 t=229.2s
layer 283 new=1018531 total=126798310 t=231.1s
layer 284 new=970675 total=127768985 t=232.9s
layer 285 new=941265 total=128710250 t=234.7s
layer 286 new=917799 total=129628049 t=236.4s
layer 287 new=890108 total=130518157 t=238.0s
layer 288 new=876545 total=131394702 t=239.6s
layer 289 new=839653 total=132234355 t=241.2s
layer 290 new=769042 total=133003397 t=242.7s
layer 291 new=675955 total=133679352 t=244.0s
layer 292 new=595549 total=134274901 t=245.2s
layer 293 new=552422 total=134827323 t=246.3s
layer 294 new=530867 total=135358190 t=247.3s
layer 295 new=520707 total=135878897 t=248.2s
layer 296 new=526162 total=136405059 t=249.2s
layer 297 new=543665 total=136948724 t=250.1s
layer 298 new=566342 total=137515066 t=251.1s
layer 299 new=578978 total=138094044 t=252.1s
layer 300 new=566221 total=138660265 t=253.1s
layer 301 new=550706 total=139210971 t=254.1s
layer 302 new=517455 total=139728426 t=255.1s
layer 303 new=498615 total=140227041 t=256.0s
layer 304 new=502682 total=140729723 t=256.9s
layer 305 new=513227 total=141242950 t=257.8s
layer 306 new=543213 total=141786163 t=258.7s
layer 307 new=583765 total=142369928 t=259.7s
layer 308 new=625861 total=142995789 t=260.7s
layer 309 new=667673 total=143663462 t=261.9s
layer 310 new=697050 total=144360512 t=263.1s
layer 311 new=690176 total=145050688 t=264.3s
layer 312 new=637173 total=145687861 t=265.5s
layer 313 new=575401 total=146263262 t=266.7s
layer 314 new=500220 total=146763482 t=267.7s
layer 315 new=430904 total=147194386 t=268.6s
layer 316 new=381788 total=147576174 t=269.3s
layer 317 new=347025 total=147923199 t=270.0s
layer 318 new=315480 total=148238679 t=270.6s
layer 319 new=284971 total=148523650 t=271.2s
layer 320 new=246468 total=148770118 t=271.7s
layer 321 new=208864 total=148978982 t=272.1s
layer 322 new=185513 total=149164495 t=272.5s
layer 323 new=166581 total=149331076 t=272.8s
layer 324 new=145453 total=149476529 t=273.1s
layer 325 new=123738 total=149600267 t=273.3s
layer 326 new=107347 total=149707614 t=273.6s
layer 327 new=94601 total=149802215 t=273.7s
layer 328 new=77152 total=149879367 t=273.9s
layer 329 new=63694 total=149943061 t=274.0s
layer 330 new=57419 total=150000480 t=274.2s
layer 331 new=52856 total=150053336 t=274.3s
layer 332 new=49299 total=150102635 t=274.3s
layer 333 new=46146 total=150148781 t=274.4s
layer 334 new=44393 total=150193174 t=274.5s
layer 335 new=45843 total=150239017 t=274.6s
layer 336 new=45743 total=150284760 t=274.7s
layer 337 new=45173 total=150329933 t=274.8s
layer 338 new=46634 total=150376567 t=274.8s
layer 339 new=49324 total=150425891 t=274.9s
layer 340 new=48555 total=150474446 t=275.0s
layer 341 new=41041 total=150515487 t=275.1s
layer 342 new=34979 total=150550466 t=275.2s
layer 343 new=30824 total=150581290 t=275.2s
layer 344 new=28868 total=150610158 t=275.3s
layer 345 new=26720 total=150636878 t=275.3s
layer 346 new=23670 total=150660548 t=275.4s
layer 347 new=21622 total=150682170 t=275.4s
layer 348 new=19276 total=150701446 t=275.5s
layer 349 new=17220 total=150718666 t=275.5s
layer 350 new=16442 total=150735108 t=275.5s
layer 351 new=16307 total=150751415 t=275.6s
layer 352 new=17037 total=150768452 t=275.6s
layer 353 new=17425 total=150785877 t=275.6s
layer 354 new=16816 total=150802693 t=275.7s
layer 355 new=15536 total=150818229 t=275.7s
layer 356 new=15693 total=150833922 t=275.7s
layer 357 new=14941 total=150848863 t=275.7s
layer 358 new=16121 total=150864984 t=275.8s
layer 359 new=17280 total=150882264 t=275.8s
layer 360 new=16674 total=150898938 t=275.8s
layer 361 new=14885 total=150913823 t=275.9s
layer 362 new=12072 total=150925895 t=275.9s
layer 363 new=9196 total=150935091 t=275.9s
layer 364 new=8646 total=150943737 t=275.9s
layer 365 new=8348 total=150952085 t=275.9s
layer 366 new=7256 total=150959341 t=276.0s
layer 367 new=5302 total=150964643 t=276.0s
layer 368 new=3649 total=150968292 t=276.0s
layer 369 new=2741 total=150971033 t=276.0s
layer 370 new=2016 total=150973049 t=276.0s
layer 371 new=1677 total=150974726 t=276.0s
layer 372 new=1841 total=150976567 t=276.0s
layer 373 new=2312 total=150978879 t=276.1s
layer 374 new=2519 total=150981398 t=276.1s
layer 375 new=2039 total=150983437 t=276.1s
layer 376 new=1312 total=150984749 t=276.1s
layer 377 new=1093 total=150985842 t=276.1s
layer 378 new=1054 total=150986896 t=276.1s
layer 379 new=981 total=150987877 t=276.1s
layer 380 new=918 total=150988795 t=276.1s
layer 381 new=1005 total=150989800 t=276.1s
layer 382 new=649 total=150990449 t=276.1s
layer 383 new=227 total=150990676 t=276.1s
layer 384 new=94 total=150990770 t=276.1s
layer 385 new=108 total=150990878 t=276.1s
layer 386 new=104 total=150990982 t=276.1s
layer 387 new=84 total=150991066 t=276.1s
layer 388 new=106 total=150991172 t=276.1s
layer 389 new=112 total=150991284 t=276.1s
layer 390 new=96 total=150991380 t=276.1s
layer 391 new=124 total=150991504 t=276.1s
layer 392 new=86 total=150991590 t=276.1s
layer 393 new=72 total=150991662 t=276.1s
layer 394 new=70 total=150991732 t=276.1s
layer 395 new=16 total=150991748 t=276.1s
layer 396 new=0 total=150991748 t=276.1s
RESULT cap=25 mode=quot16 size=150991748 radius=395 NOT-TRIVIAL (component exhausted, (x,y) absent)
peak_three_layers=12863625
HIT ms0117 dist=0
HIT ms0173 dist=8
HIT ms0551 dist=229
HIT ms0740 dist=232
HIT ms1062 dist=239
HIT ms0831 dist=240
HIT ms0439 dist=240
HIT ms0243 dist=242
HIT ms0088 dist=253
HIT ms0137 dist=254
HIT ms0326 dist=257
HIT ms0214 dist=259
HIT ms0256 dist=263
HIT ms0221 dist=263
HIT ms1089 dist=271
HIT ms0732 dist=271
HIT ms1082 dist=274
HIT ms0984 dist=275
HIT ms1124 dist=291
HIT ms0564 dist=291
HIT ms0599 dist=298
HIT ms0879 dist=300
HIT ms0487 dist=300
HIT ms0480 dist=301
HIT ms0522 dist=310
HIT ms0977 dist=312
      276.13 real       272.79 user         2.04 sys
           746110976  maximum resident set size
                   0  average shared memory size
                   0  average unshared data size
                   0  average unshared stack size
              229579  page reclaims
                   2  page faults
                   0  swaps
                   0  block input operations
                   0  block output operations
                   0  messages sent
                   0  messages received
                   0  signals received
                  31  voluntary context switches
               56118  involuntary context switches
       4212968711332  instructions retired
        931140445270  cycles elapsed
           341460264  peak memory footprint
