# fcc cap=26 mode=quot16 start=XyyxYYY | xyXXyxx
layer 1 new=14 total=15 t=0.0s
layer 2 new=136 total=151 t=0.0s
layer 3 new=1006 total=1157 t=0.0s
layer 4 new=5347 total=6504 t=0.0s
layer 5 new=21779 total=28283 t=0.0s
layer 6 new=71628 total=99911 t=0.1s
layer 7 new=190407 total=290318 t=0.2s
layer 8 new=415972 total=706290 t=0.6s
layer 9 new=768417 total=1474707 t=1.5s
layer 10 new=1224039 total=2698746 t=2.9s
layer 11 new=1710991 total=4409737 t=5.3s
layer 12 new=2160586 total=6570323 t=8.5s
layer 13 new=2486236 total=9056559 t=12.5s
layer 14 new=2631838 total=11688397 t=17.1s
layer 15 new=2621049 total=14309446 t=22.0s
layer 16 new=2527017 total=16836463 t=26.8s
layer 17 new=2410942 total=19247405 t=31.5s
layer 18 new=2287798 total=21535203 t=36.0s
layer 19 new=2110834 total=23646037 t=40.2s
layer 20 new=1835990 total=25482027 t=44.0s
layer 21 new=1540158 total=27022185 t=47.3s
layer 22 new=1325250 total=28347435 t=50.2s
layer 23 new=1183422 total=29530857 t=52.6s
layer 24 new=1056129 total=30586986 t=54.8s
layer 25 new=923299 total=31510285 t=56.8s
layer 26 new=822187 total=32332472 t=58.5s
layer 27 new=767374 total=33099846 t=60.0s
layer 28 new=759878 total=33859724 t=61.4s
layer 29 new=752872 total=34612596 t=62.8s
layer 30 new=738936 total=35351532 t=64.2s
layer 31 new=764383 total=36115915 t=65.6s
layer 32 new=829432 total=36945347 t=67.0s
layer 33 new=923805 total=37869152 t=68.6s
layer 34 new=1035456 total=38904608 t=70.3s
layer 35 new=1137800 total=40042408 t=72.2s
layer 36 new=1290669 total=41333077 t=74.3s
layer 37 new=1498846 total=42831923 t=76.8s
layer 38 new=1719346 total=44551269 t=79.6s
layer 39 new=1924625 total=46475894 t=82.9s
layer 40 new=2070377 total=48546271 t=86.4s
layer 41 new=2161224 total=50707495 t=90.3s
layer 42 new=2214606 total=52922101 t=94.3s
layer 43 new=2227413 total=55149514 t=98.4s
layer 44 new=2210114 total=57359628 t=102.6s
layer 45 new=2118418 total=59478046 t=106.7s
layer 46 new=1962208 total=61440254 t=110.7s
layer 47 new=1781823 total=63222077 t=114.4s
layer 48 new=1606134 total=64828211 t=117.7s
layer 49 new=1474308 total=66302519 t=120.7s
layer 50 new=1398177 total=67700696 t=123.5s
layer 51 new=1351182 total=69051878 t=126.1s
layer 52 new=1277636 total=70329514 t=128.7s
layer 53 new=1199452 total=71528966 t=131.1s
layer 54 new=1170042 total=72699008 t=133.3s
layer 55 new=1194318 total=73893326 t=135.6s
layer 56 new=1241237 total=75134563 t=137.8s
layer 57 new=1295780 total=76430343 t=140.1s
layer 58 new=1341197 total=77771540 t=142.6s
layer 59 new=1375522 total=79147062 t=145.2s
layer 60 new=1416991 total=80564053 t=147.8s
layer 61 new=1459889 total=82023942 t=150.5s
layer 62 new=1484230 total=83508172 t=153.3s
layer 63 new=1439335 total=84947507 t=156.2s
layer 64 new=1351262 total=86298769 t=158.9s
layer 65 new=1276570 total=87575339 t=161.5s
layer 66 new=1230479 total=88805818 t=163.8s
layer 67 new=1181403 total=89987221 t=166.2s
layer 68 new=1127553 total=91114774 t=168.4s
layer 69 new=1119382 total=92234156 t=170.6s
layer 70 new=1168885 total=93403041 t=172.7s
layer 71 new=1245355 total=94648396 t=175.0s
layer 72 new=1299487 total=95947883 t=177.3s
layer 73 new=1304802 total=97252685 t=179.8s
layer 74 new=1267757 total=98520442 t=182.3s
layer 75 new=1222785 total=99743227 t=184.7s
layer 76 new=1186908 total=100930135 t=187.0s
layer 77 new=1132167 total=102062302 t=189.3s
layer 78 new=1065218 total=103127520 t=191.4s
layer 79 new=995386 total=104122906 t=193.3s
layer 80 new=895789 total=105018695 t=195.2s
layer 81 new=818842 total=105837537 t=196.9s
layer 82 new=746054 total=106583591 t=198.4s
layer 83 new=685245 total=107268836 t=199.8s
layer 84 new=635388 total=107904224 t=201.1s
layer 85 new=583750 total=108487974 t=202.3s
layer 86 new=550293 total=109038267 t=203.4s
layer 87 new=540334 total=109578601 t=204.5s
layer 88 new=548960 total=110127561 t=205.5s
layer 89 new=586091 total=110713652 t=206.5s
layer 90 new=644265 total=111357917 t=207.6s
layer 91 new=705070 total=112062987 t=208.8s
layer 92 new=770299 total=112833286 t=210.2s
layer 93 new=884009 total=113717295 t=211.7s
layer 94 new=1037966 total=114755261 t=213.4s
layer 95 new=1212187 total=115967448 t=215.4s
layer 96 new=1388400 total=117355848 t=217.7s
layer 97 new=1534815 total=118890663 t=220.4s
layer 98 new=1650280 total=120540943 t=223.3s
layer 99 new=1733071 total=122274014 t=226.5s
layer 100 new=1773508 total=124047522 t=229.8s
layer 101 new=1764186 total=125811708 t=233.1s
layer 102 new=1714946 total=127526654 t=236.5s
layer 103 new=1643741 total=129170395 t=239.7s
layer 104 new=1569472 total=130739867 t=242.9s
layer 105 new=1499053 total=132238920 t=245.9s
layer 106 new=1403730 total=133642650 t=248.8s
layer 107 new=1280189 total=134922839 t=251.4s
layer 108 new=1135889 total=136058728 t=253.9s
layer 109 new=1012231 total=137070959 t=256.0s
layer 110 new=931516 total=138002475 t=257.9s
layer 111 new=852396 total=138854871 t=259.7s
layer 112 new=772286 total=139627157 t=261.3s
layer 113 new=677277 total=140304434 t=262.7s
layer 114 new=591043 total=140895477 t=264.0s
layer 115 new=540273 total=141435750 t=265.2s
layer 116 new=513869 total=141949619 t=266.2s
layer 117 new=503448 total=142453067 t=267.2s
layer 118 new=485182 total=142938249 t=268.1s
layer 119 new=456285 total=143394534 t=269.0s
layer 120 new=451199 total=143845733 t=269.9s
layer 121 new=473806 total=144319539 t=270.7s
layer 122 new=500441 total=144819980 t=271.6s
layer 123 new=528577 total=145348557 t=272.6s
layer 124 new=533795 total=145882352 t=273.6s
layer 125 new=492878 total=146375230 t=274.5s
layer 126 new=437627 total=146812857 t=275.4s
layer 127 new=408396 total=147221253 t=276.3s
layer 128 new=391933 total=147613186 t=277.0s
layer 129 new=385400 total=147998586 t=277.7s
layer 130 new=386783 total=148385369 t=278.5s
layer 131 new=374175 total=148759544 t=279.2s
layer 132 new=360079 total=149119623 t=279.9s
layer 133 new=369812 total=149489435 t=280.6s
layer 134 new=398936 total=149888371 t=281.3s
layer 135 new=427095 total=150315466 t=282.1s
layer 136 new=446731 total=150762197 t=282.9s
layer 137 new=434641 total=151196838 t=283.8s
layer 138 new=417195 total=151614033 t=284.6s
layer 139 new=429758 total=152043791 t=285.4s
layer 140 new=450835 total=152494626 t=286.2s
layer 141 new=458750 total=152953376 t=287.0s
layer 142 new=439282 total=153392658 t=287.9s
layer 143 new=410770 total=153803428 t=288.7s
layer 144 new=406375 total=154209803 t=289.5s
layer 145 new=424160 total=154633963 t=290.3s
layer 146 new=429530 total=155063493 t=291.1s
layer 147 new=409067 total=155472560 t=291.9s
layer 148 new=365881 total=155838441 t=292.6s
layer 149 new=330088 total=156168529 t=293.3s
layer 150 new=320464 total=156488993 t=293.9s
layer 151 new=319079 total=156808072 t=294.5s
layer 152 new=310586 total=157118658 t=295.1s
layer 153 new=289412 total=157408070 t=295.7s
layer 154 new=257499 total=157665569 t=296.3s
layer 155 new=236845 total=157902414 t=296.7s
layer 156 new=235437 total=158137851 t=297.2s
layer 157 new=245581 total=158383432 t=297.6s
layer 158 new=252721 total=158636153 t=298.1s
layer 159 new=242630 total=158878783 t=298.6s
layer 160 new=224760 total=159103543 t=299.0s
layer 161 new=211365 total=159314908 t=299.5s
layer 162 new=212481 total=159527389 t=299.9s
layer 163 new=226071 total=159753460 t=300.3s
layer 164 new=236412 total=159989872 t=300.7s
layer 165 new=223668 total=160213540 t=301.1s
layer 166 new=205901 total=160419441 t=301.6s
layer 167 new=205172 total=160624613 t=301.9s
layer 168 new=217697 total=160842310 t=302.3s
layer 169 new=235241 total=161077551 t=302.8s
layer 170 new=241138 total=161318689 t=303.2s
layer 171 new=221144 total=161539833 t=303.6s
layer 172 new=198786 total=161738619 t=304.0s
layer 173 new=197494 total=161936113 t=304.4s
layer 174 new=209136 total=162145249 t=304.8s
layer 175 new=227514 total=162372763 t=305.2s
layer 176 new=229744 total=162602507 t=305.6s
layer 177 new=213139 total=162815646 t=306.1s
layer 178 new=197396 total=163013042 t=306.5s
layer 179 new=190538 total=163203580 t=306.8s
layer 180 new=194065 total=163397645 t=307.2s
layer 181 new=197733 total=163595378 t=307.6s
layer 182 new=185471 total=163780849 t=307.9s
layer 183 new=164733 total=163945582 t=308.3s
layer 184 new=146683 total=164092265 t=308.6s
layer 185 new=139299 total=164231564 t=308.9s
layer 186 new=139857 total=164371421 t=309.1s
layer 187 new=144806 total=164516227 t=309.4s
layer 188 new=144023 total=164660250 t=309.6s
layer 189 new=132658 total=164792908 t=309.9s
layer 190 new=118846 total=164911754 t=310.1s
layer 191 new=111104 total=165022858 t=310.4s
layer 192 new=111876 total=165134734 t=310.6s
layer 193 new=123251 total=165257985 t=310.8s
layer 194 new=135115 total=165393100 t=311.0s
layer 195 new=133894 total=165526994 t=311.2s
layer 196 new=123956 total=165650950 t=311.5s
layer 197 new=117988 total=165768938 t=311.7s
layer 198 new=122452 total=165891390 t=311.9s
layer 199 new=132324 total=166023714 t=312.2s
layer 200 new=138310 total=166162024 t=312.4s
layer 201 new=135272 total=166297296 t=312.7s
layer 202 new=128107 total=166425403 t=313.0s
layer 203 new=125414 total=166550817 t=313.2s
layer 204 new=131190 total=166682007 t=313.4s
layer 205 new=147441 total=166829448 t=313.7s
layer 206 new=160548 total=166989996 t=314.0s
layer 207 new=159391 total=167149387 t=314.3s
layer 208 new=141997 total=167291384 t=314.6s
layer 209 new=129461 total=167420845 t=314.8s
layer 210 new=126731 total=167547576 t=315.1s
layer 211 new=127303 total=167674879 t=315.3s
layer 212 new=127846 total=167802725 t=315.5s
layer 213 new=122974 total=167925699 t=315.8s
layer 214 new=117960 total=168043659 t=316.0s
layer 215 new=117578 total=168161237 t=316.2s
layer 216 new=120471 total=168281708 t=316.4s
layer 217 new=120837 total=168402545 t=316.7s
layer 218 new=117715 total=168520260 t=316.9s
layer 219 new=109978 total=168630238 t=317.1s
layer 220 new=103224 total=168733462 t=317.3s
layer 221 new=100339 total=168833801 t=317.5s
layer 222 new=98906 total=168932707 t=317.7s
layer 223 new=99105 total=169031812 t=317.9s
layer 224 new=102570 total=169134382 t=318.1s
layer 225 new=101284 total=169235666 t=318.3s
layer 226 new=95375 total=169331041 t=318.4s
layer 227 new=85910 total=169416951 t=318.6s
layer 228 new=77834 total=169494785 t=318.8s
layer 229 new=73533 total=169568318 t=318.9s
layer 230 new=73127 total=169641445 t=319.1s
layer 231 new=75471 total=169716916 t=319.2s
layer 232 new=77582 total=169794498 t=319.4s
layer 233 new=77276 total=169871774 t=319.5s
layer 234 new=75307 total=169947081 t=319.6s
layer 235 new=72783 total=170019864 t=319.8s
layer 236 new=69751 total=170089615 t=319.9s
layer 237 new=66684 total=170156299 t=320.0s
layer 238 new=65723 total=170222022 t=320.2s
layer 239 new=67108 total=170289130 t=320.3s
layer 240 new=69132 total=170358262 t=320.4s
layer 241 new=70706 total=170428968 t=320.5s
layer 242 new=70616 total=170499584 t=320.7s
layer 243 new=72278 total=170571862 t=320.8s
layer 244 new=74175 total=170646037 t=320.9s
layer 245 new=76390 total=170722427 t=321.1s
layer 246 new=76550 total=170798977 t=321.2s
layer 247 new=73910 total=170872887 t=321.3s
layer 248 new=72554 total=170945441 t=321.5s
layer 249 new=69759 total=171015200 t=321.6s
layer 250 new=67734 total=171082934 t=321.7s
layer 251 new=68906 total=171151840 t=321.9s
layer 252 new=71051 total=171222891 t=322.0s
layer 253 new=66956 total=171289847 t=322.1s
layer 254 new=59453 total=171349300 t=322.3s
layer 255 new=54099 total=171403399 t=322.4s
layer 256 new=49057 total=171452456 t=322.5s
layer 257 new=45851 total=171498307 t=322.6s
layer 258 new=45290 total=171543597 t=322.6s
layer 259 new=45603 total=171589200 t=322.7s
layer 260 new=45030 total=171634230 t=322.8s
layer 261 new=43629 total=171677859 t=322.9s
layer 262 new=43230 total=171721089 t=323.0s
layer 263 new=42622 total=171763711 t=323.1s
layer 264 new=40962 total=171804673 t=323.2s
layer 265 new=39393 total=171844066 t=323.2s
layer 266 new=39470 total=171883536 t=323.3s
layer 267 new=39462 total=171922998 t=323.4s
layer 268 new=40185 total=171963183 t=323.4s
layer 269 new=40318 total=172003501 t=323.5s
layer 270 new=40396 total=172043897 t=323.6s
layer 271 new=40944 total=172084841 t=323.7s
layer 272 new=41737 total=172126578 t=323.7s
layer 273 new=40421 total=172166999 t=323.8s
layer 274 new=37889 total=172204888 t=323.9s
layer 275 new=36471 total=172241359 t=324.0s
layer 276 new=36512 total=172277871 t=324.0s
layer 277 new=36465 total=172314336 t=324.1s
layer 278 new=36845 total=172351181 t=324.2s
layer 279 new=37246 total=172388427 t=324.2s
layer 280 new=37712 total=172426139 t=324.3s
layer 281 new=38260 total=172464399 t=324.4s
layer 282 new=38720 total=172503119 t=324.4s
layer 283 new=38603 total=172541722 t=324.5s
layer 284 new=38433 total=172580155 t=324.6s
layer 285 new=39540 total=172619695 t=324.7s
layer 286 new=40671 total=172660366 t=324.7s
layer 287 new=41642 total=172702008 t=324.8s
layer 288 new=42414 total=172744422 t=324.9s
layer 289 new=43168 total=172787590 t=325.0s
layer 290 new=42951 total=172830541 t=325.1s
layer 291 new=42566 total=172873107 t=325.1s
layer 292 new=43261 total=172916368 t=325.2s
layer 293 new=43679 total=172960047 t=325.3s
layer 294 new=42990 total=173003037 t=325.4s
layer 295 new=41698 total=173044735 t=325.5s
layer 296 new=39735 total=173084470 t=325.5s
layer 297 new=38849 total=173123319 t=325.6s
layer 298 new=38360 total=173161679 t=325.7s
layer 299 new=37521 total=173199200 t=325.8s
layer 300 new=37841 total=173237041 t=325.8s
layer 301 new=40141 total=173277182 t=325.9s
layer 302 new=41945 total=173319127 t=326.0s
layer 303 new=41332 total=173360459 t=326.1s
layer 304 new=38245 total=173398704 t=326.1s
layer 305 new=36183 total=173434887 t=326.2s
layer 306 new=36625 total=173471512 t=326.3s
layer 307 new=37545 total=173509057 t=326.3s
layer 308 new=37542 total=173546599 t=326.4s
layer 309 new=37500 total=173584099 t=326.5s
layer 310 new=40366 total=173624465 t=326.5s
layer 311 new=49151 total=173673616 t=326.6s
layer 312 new=60865 total=173734481 t=326.7s
layer 313 new=74265 total=173808746 t=326.8s
layer 314 new=92213 total=173900959 t=327.0s
layer 315 new=114338 total=174015297 t=327.2s
layer 316 new=132172 total=174147469 t=327.4s
layer 317 new=145497 total=174292966 t=327.6s
layer 318 new=158144 total=174451110 t=327.9s
layer 319 new=171967 total=174623077 t=328.2s
layer 320 new=188693 total=174811770 t=328.5s
layer 321 new=198468 total=175010238 t=328.9s
layer 322 new=206625 total=175216863 t=329.2s
layer 323 new=208885 total=175425748 t=329.6s
layer 324 new=207589 total=175633337 t=330.0s
layer 325 new=214043 total=175847380 t=330.4s
layer 326 new=223912 total=176071292 t=330.8s
layer 327 new=226955 total=176298247 t=331.2s
layer 328 new=217358 total=176515605 t=331.6s
layer 329 new=194644 total=176710249 t=332.0s
layer 330 new=173823 total=176884072 t=332.4s
layer 331 new=164185 total=177048257 t=332.7s
layer 332 new=159030 total=177207287 t=333.0s
layer 333 new=172292 total=177379579 t=333.3s
layer 334 new=203085 total=177582664 t=333.7s
layer 335 new=251471 total=177834135 t=334.0s
layer 336 new=312779 total=178146914 t=334.5s
layer 337 new=395339 total=178542253 t=335.1s
layer 338 new=509677 total=179051930 t=335.9s
layer 339 new=676169 total=179728099 t=336.9s
layer 340 new=927687 total=180655786 t=338.2s
layer 341 new=1263826 total=181919612 t=340.1s
layer 342 new=1648186 total=183567798 t=342.5s
layer 343 new=2068485 total=185636283 t=345.8s
layer 344 new=2563526 total=188199809 t=349.9s
layer 345 new=3133623 total=191333432 t=355.0s
layer 346 new=3702628 total=195036060 t=361.2s
layer 347 new=4208570 total=199244630 t=368.5s
layer 348 new=4560651 total=203805281 t=376.7s
layer 349 new=4661390 total=208466671 t=385.2s
layer 350 new=4507703 total=212974374 t=393.7s
layer 351 new=4218910 total=217193284 t=402.1s
layer 352 new=4017374 total=221210658 t=410.4s
layer 353 new=4004454 total=225215112 t=418.2s
layer 354 new=4013181 total=229228293 t=425.9s
layer 355 new=3993262 total=233221555 t=433.7s
layer 356 new=3976510 total=237198065 t=441.8s
layer 357 new=4067121 total=241265186 t=450.1s
layer 358 new=4267702 total=245532888 t=457.4s
layer 359 new=4483265 total=250016153 t=463.7s
layer 360 new=4697782 total=254713935 t=470.0s
layer 361 new=4919677 total=259633612 t=476.3s
layer 362 new=5117335 total=264750947 t=482.7s
layer 363 new=5141555 total=269892502 t=489.5s
layer 364 new=5011120 total=274903622 t=496.3s
layer 365 new=4794898 total=279698520 t=504.4s
layer 366 new=4515968 total=284214488 t=512.2s
layer 367 new=4143254 total=288357742 t=519.8s
layer 368 new=3707073 total=292064815 t=527.4s
layer 369 new=3263624 total=295328439 t=534.2s
layer 370 new=2925287 total=298253726 t=540.2s
layer 371 new=2793036 total=301046762 t=545.7s
layer 372 new=2826001 total=303872763 t=551.0s
layer 373 new=2978215 total=306850978 t=556.4s
layer 374 new=3231489 total=310082467 t=562.0s
layer 375 new=3568158 total=313650625 t=568.2s
layer 376 new=3932222 total=317582847 t=575.0s
layer 377 new=4323340 total=321906187 t=582.4s
layer 378 new=4716918 total=326623105 t=590.5s
layer 379 new=5058435 total=331681540 t=598.8s
layer 380 new=5277685 total=336959225 t=607.4s
layer 381 new=5277612 total=342236837 t=616.0s
layer 382 new=5049670 total=347286507 t=624.6s
layer 383 new=4581025 total=351867532 t=632.8s
layer 384 new=3998049 total=355865581 t=640.8s
layer 385 new=3465371 total=359330952 t=648.3s
layer 386 new=3015960 total=362346912 t=654.8s
layer 387 new=2643230 total=364990142 t=660.4s
layer 388 new=2351262 total=367341404 t=665.3s
layer 389 new=2168052 total=369509456 t=669.7s
layer 390 new=2065763 total=371575219 t=673.7s
layer 391 new=1965561 total=373540780 t=677.6s
layer 392 new=1822917 total=375363697 t=681.2s
layer 393 new=1697286 total=377060983 t=684.5s
layer 394 new=1611173 total=378672156 t=687.6s
layer 395 new=1499185 total=380171341 t=690.6s
layer 396 new=1369156 total=381540497 t=693.3s
layer 397 new=1221485 total=382761982 t=695.8s
layer 398 new=1119416 total=383881398 t=698.1s
layer 399 new=1098342 total=384979740 t=700.2s
layer 400 new=1166373 total=386146113 t=702.2s
layer 401 new=1312065 total=387458178 t=704.4s
layer 402 new=1507129 total=388965307 t=706.9s
layer 403 new=1709482 total=390674789 t=709.7s
layer 404 new=1866203 total=392540992 t=712.9s
layer 405 new=1930015 total=394471007 t=716.4s
layer 406 new=1932385 total=396403392 t=720.0s
layer 407 new=1916620 total=398320012 t=723.6s
layer 408 new=1902791 total=400222803 t=727.1s
layer 409 new=1891755 total=402114558 t=730.7s
layer 410 new=1882390 total=403996948 t=734.2s
layer 411 new=1827946 total=405824894 t=737.7s
layer 412 new=1789167 total=407614061 t=741.0s
layer 413 new=1798496 total=409412557 t=744.4s
layer 414 new=1805812 total=411218369 t=747.7s
layer 415 new=1772617 total=412990986 t=751.1s
layer 416 new=1695728 total=414686714 t=754.3s
layer 417 new=1559469 total=416246183 t=757.5s
layer 418 new=1400670 total=417646853 t=760.4s
layer 419 new=1212131 total=418858984 t=762.9s
layer 420 new=1015117 total=419874101 t=765.1s
layer 421 new=845175 total=420719276 t=766.9s
layer 422 new=722548 total=421441824 t=768.5s
layer 423 new=642224 total=422084048 t=769.8s
layer 424 new=577855 total=422661903 t=771.0s
layer 425 new=517270 total=423179173 t=772.0s
layer 426 new=468864 total=423648037 t=772.9s
layer 427 new=424734 total=424072771 t=773.8s
layer 428 new=398284 total=424471055 t=774.5s
layer 429 new=396640 total=424867695 t=775.3s
layer 430 new=407296 total=425274991 t=776.0s
layer 431 new=424773 total=425699764 t=776.7s
layer 432 new=461235 total=426160999 t=777.5s
layer 433 new=546283 total=426707282 t=778.4s
layer 434 new=670110 total=427377392 t=779.4s
layer 435 new=815165 total=428192557 t=780.7s
layer 436 new=975979 total=429168536 t=782.2s
layer 437 new=1119286 total=430287822 t=784.0s
layer 438 new=1205747 total=431493569 t=786.0s
layer 439 new=1227150 total=432720719 t=788.4s
layer 440 new=1183758 total=433904477 t=790.6s
layer 441 new=1088415 total=434992892 t=792.8s
layer 442 new=959899 total=435952791 t=794.7s
layer 443 new=827549 total=436780340 t=796.4s
layer 444 new=699272 total=437479612 t=797.9s
layer 445 new=575075 total=438054687 t=799.1s
layer 446 new=462654 total=438517341 t=800.2s
layer 447 new=369413 total=438886754 t=801.0s
layer 448 new=299752 total=439186506 t=801.7s
layer 449 new=239110 total=439425616 t=802.2s
layer 450 new=187349 total=439612965 t=802.6s
layer 451 new=148689 total=439761654 t=803.0s
layer 452 new=116035 total=439877689 t=803.2s
layer 453 new=91838 total=439969527 t=803.5s
layer 454 new=79952 total=440049479 t=803.6s
layer 455 new=74058 total=440123537 t=803.8s
layer 456 new=69771 total=440193308 t=803.9s
layer 457 new=65492 total=440258800 t=804.0s
layer 458 new=60458 total=440319258 t=804.2s
layer 459 new=57110 total=440376368 t=804.3s
layer 460 new=54902 total=440431270 t=804.4s
layer 461 new=53858 total=440485128 t=804.5s
layer 462 new=53735 total=440538863 t=804.6s
layer 463 new=52569 total=440591432 t=804.7s
layer 464 new=51627 total=440643059 t=804.7s
layer 465 new=48990 total=440692049 t=804.8s
layer 466 new=46047 total=440738096 t=804.9s
layer 467 new=39807 total=440777903 t=805.0s
layer 468 new=33226 total=440811129 t=805.1s
layer 469 new=28543 total=440839672 t=805.1s
layer 470 new=26010 total=440865682 t=805.2s
layer 471 new=24273 total=440889955 t=805.2s
layer 472 new=23477 total=440913432 t=805.3s
layer 473 new=24766 total=440938198 t=805.3s
layer 474 new=26823 total=440965021 t=805.4s
layer 475 new=27427 total=440992448 t=805.4s
layer 476 new=25947 total=441018395 t=805.5s
layer 477 new=22800 total=441041195 t=805.5s
layer 478 new=19582 total=441060777 t=805.6s
layer 479 new=16063 total=441076840 t=805.6s
layer 480 new=13034 total=441089874 t=805.6s
layer 481 new=12393 total=441102267 t=805.7s
layer 482 new=13312 total=441115579 t=805.7s
layer 483 new=14993 total=441130572 t=805.7s
layer 484 new=15671 total=441146243 t=805.7s
layer 485 new=14954 total=441161197 t=805.8s
layer 486 new=14143 total=441175340 t=805.8s
layer 487 new=12779 total=441188119 t=805.8s
layer 488 new=10031 total=441198150 t=805.8s
layer 489 new=8409 total=441206559 t=805.9s
layer 490 new=7623 total=441214182 t=805.9s
layer 491 new=7375 total=441221557 t=805.9s
layer 492 new=8478 total=441230035 t=805.9s
layer 493 new=10422 total=441240457 t=805.9s
layer 494 new=11498 total=441251955 t=806.0s
layer 495 new=10759 total=441262714 t=806.0s
layer 496 new=8934 total=441271648 t=806.0s
layer 497 new=6961 total=441278609 t=806.0s
layer 498 new=5076 total=441283685 t=806.0s
layer 499 new=3682 total=441287367 t=806.1s
layer 500 new=3659 total=441291026 t=806.1s
layer 501 new=4686 total=441295712 t=806.1s
layer 502 new=6184 total=441301896 t=806.1s
layer 503 new=7394 total=441309290 t=806.1s
layer 504 new=7745 total=441317035 t=806.1s
layer 505 new=6974 total=441324009 t=806.1s
layer 506 new=5862 total=441329871 t=806.2s
layer 507 new=4882 total=441334753 t=806.2s
layer 508 new=3746 total=441338499 t=806.2s
layer 509 new=2739 total=441341238 t=806.2s
layer 510 new=2438 total=441343676 t=806.2s
layer 511 new=2518 total=441346194 t=806.2s
layer 512 new=2747 total=441348941 t=806.2s
layer 513 new=3020 total=441351961 t=806.2s
layer 514 new=3077 total=441355038 t=806.2s
layer 515 new=3037 total=441358075 t=806.3s
layer 516 new=3358 total=441361433 t=806.3s
layer 517 new=3442 total=441364875 t=806.3s
layer 518 new=3731 total=441368606 t=806.3s
layer 519 new=4370 total=441372976 t=806.3s
layer 520 new=5089 total=441378065 t=806.3s
layer 521 new=6099 total=441384164 t=806.3s
layer 522 new=7082 total=441391246 t=806.3s
layer 523 new=7907 total=441399153 t=806.4s
layer 524 new=8456 total=441407609 t=806.4s
layer 525 new=8408 total=441416017 t=806.4s
layer 526 new=7874 total=441423891 t=806.4s
layer 527 new=7495 total=441431386 t=806.4s
layer 528 new=8147 total=441439533 t=806.4s
layer 529 new=9351 total=441448884 t=806.5s
layer 530 new=11192 total=441460076 t=806.5s
layer 531 new=13507 total=441473583 t=806.5s
layer 532 new=15773 total=441489356 t=806.5s
layer 533 new=17777 total=441507133 t=806.6s
layer 534 new=18474 total=441525607 t=806.6s
layer 535 new=17636 total=441543243 t=806.6s
layer 536 new=15621 total=441558864 t=806.7s
layer 537 new=14270 total=441573134 t=806.7s
layer 538 new=13837 total=441586971 t=806.7s
layer 539 new=14094 total=441601065 t=806.7s
layer 540 new=15103 total=441616168 t=806.8s
layer 541 new=17180 total=441633348 t=806.8s
layer 542 new=20281 total=441653629 t=806.8s
layer 543 new=23066 total=441676695 t=806.9s
layer 544 new=22927 total=441699622 t=806.9s
layer 545 new=20063 total=441719685 t=806.9s
layer 546 new=16464 total=441736149 t=807.0s
layer 547 new=13317 total=441749466 t=807.0s
layer 548 new=11546 total=441761012 t=807.0s
layer 549 new=10824 total=441771836 t=807.1s
layer 550 new=11423 total=441783259 t=807.1s
layer 551 new=13233 total=441796492 t=807.1s
layer 552 new=14715 total=441811207 t=807.1s
layer 553 new=14555 total=441825762 t=807.2s
layer 554 new=12823 total=441838585 t=807.2s
layer 555 new=10603 total=441849188 t=807.2s
layer 556 new=8589 total=441857777 t=807.2s
layer 557 new=6757 total=441864534 t=807.3s
layer 558 new=5549 total=441870083 t=807.3s
layer 559 new=5481 total=441875564 t=807.3s
layer 560 new=6049 total=441881613 t=807.3s
layer 561 new=6509 total=441888122 t=807.3s
layer 562 new=6290 total=441894412 t=807.3s
layer 563 new=5360 total=441899772 t=807.3s
layer 564 new=4303 total=441904075 t=807.4s
layer 565 new=3652 total=441907727 t=807.4s
layer 566 new=3159 total=441910886 t=807.4s
layer 567 new=2598 total=441913484 t=807.4s
layer 568 new=2455 total=441915939 t=807.4s
layer 569 new=3107 total=441919046 t=807.4s
layer 570 new=3944 total=441922990 t=807.4s
layer 571 new=4461 total=441927451 t=807.4s
layer 572 new=4656 total=441932107 t=807.5s
layer 573 new=4789 total=441936896 t=807.5s
layer 574 new=4768 total=441941664 t=807.5s
layer 575 new=4539 total=441946203 t=807.5s
layer 576 new=4330 total=441950533 t=807.5s
layer 577 new=4135 total=441954668 t=807.5s
layer 578 new=4195 total=441958863 t=807.5s
layer 579 new=4748 total=441963611 t=807.5s
layer 580 new=5269 total=441968880 t=807.6s
layer 581 new=5448 total=441974328 t=807.6s
layer 582 new=5469 total=441979797 t=807.6s
layer 583 new=4892 total=441984689 t=807.6s
layer 584 new=4072 total=441988761 t=807.6s
layer 585 new=3681 total=441992442 t=807.6s
layer 586 new=3808 total=441996250 t=807.6s
layer 587 new=4425 total=442000675 t=807.6s
layer 588 new=5415 total=442006090 t=807.7s
layer 589 new=6450 total=442012540 t=807.7s
layer 590 new=7287 total=442019827 t=807.7s
layer 591 new=7864 total=442027691 t=807.7s
layer 592 new=8018 total=442035709 t=807.7s
layer 593 new=7760 total=442043469 t=807.7s
layer 594 new=7321 total=442050790 t=807.8s
layer 595 new=7427 total=442058217 t=807.8s
layer 596 new=8259 total=442066476 t=807.8s
layer 597 new=9128 total=442075604 t=807.8s
layer 598 new=9706 total=442085310 t=807.8s
layer 599 new=9676 total=442094986 t=807.8s
layer 600 new=9218 total=442104204 t=807.9s
layer 601 new=8630 total=442112834 t=807.9s
layer 602 new=8328 total=442121162 t=807.9s
layer 603 new=8676 total=442129838 t=807.9s
layer 604 new=9400 total=442139238 t=807.9s
layer 605 new=10015 total=442149253 t=808.0s
layer 606 new=10102 total=442159355 t=808.0s
layer 607 new=9490 total=442168845 t=808.0s
layer 608 new=8698 total=442177543 t=808.0s
layer 609 new=7918 total=442185461 t=808.0s
layer 610 new=7384 total=442192845 t=808.1s
layer 611 new=7688 total=442200533 t=808.1s
layer 612 new=8984 total=442209517 t=808.1s
layer 613 new=11342 total=442220859 t=808.1s
layer 614 new=14419 total=442235278 t=808.1s
layer 615 new=17466 total=442252744 t=808.2s
layer 616 new=18800 total=442271544 t=808.2s
layer 617 new=17676 total=442289220 t=808.2s
layer 618 new=15294 total=442304514 t=808.3s
layer 619 new=12759 total=442317273 t=808.3s
layer 620 new=11468 total=442328741 t=808.3s
layer 621 new=12073 total=442340814 t=808.3s
layer 622 new=14068 total=442354882 t=808.4s
layer 623 new=17624 total=442372506 t=808.4s
layer 624 new=21449 total=442393955 t=808.4s
layer 625 new=23138 total=442417093 t=808.5s
layer 626 new=23222 total=442440315 t=808.5s
layer 627 new=21720 total=442462035 t=808.5s
layer 628 new=19349 total=442481384 t=808.6s
layer 629 new=15980 total=442497364 t=808.6s
layer 630 new=15772 total=442513136 t=808.6s
layer 631 new=17899 total=442531035 t=808.7s
layer 632 new=21317 total=442552352 t=808.7s
layer 633 new=23735 total=442576087 t=808.7s
layer 634 new=23960 total=442600047 t=808.8s
layer 635 new=22897 total=442622944 t=808.8s
layer 636 new=19623 total=442642567 t=808.9s
layer 637 new=16635 total=442659202 t=808.9s
layer 638 new=14846 total=442674048 t=808.9s
layer 639 new=14863 total=442688911 t=809.0s
layer 640 new=15835 total=442704746 t=809.0s
layer 641 new=17465 total=442722211 t=809.0s
layer 642 new=19119 total=442741330 t=809.1s
layer 643 new=18726 total=442760056 t=809.1s
layer 644 new=17232 total=442777288 t=809.1s
layer 645 new=14933 total=442792221 t=809.2s
layer 646 new=12309 total=442804530 t=809.2s
layer 647 new=9957 total=442814487 t=809.2s
layer 648 new=8564 total=442823051 t=809.2s
layer 649 new=8129 total=442831180 t=809.2s
layer 650 new=9097 total=442840277 t=809.3s
layer 651 new=10837 total=442851114 t=809.3s
layer 652 new=12052 total=442863166 t=809.3s
layer 653 new=11221 total=442874387 t=809.3s
layer 654 new=9532 total=442883919 t=809.3s
layer 655 new=8236 total=442892155 t=809.4s
layer 656 new=6746 total=442898901 t=809.4s
layer 657 new=4888 total=442903789 t=809.4s
layer 658 new=3864 total=442907653 t=809.4s
layer 659 new=3454 total=442911107 t=809.4s
layer 660 new=3493 total=442914600 t=809.4s
layer 661 new=3820 total=442918420 t=809.5s
layer 662 new=3775 total=442922195 t=809.5s
layer 663 new=3286 total=442925481 t=809.5s
layer 664 new=2687 total=442928168 t=809.5s
layer 665 new=2232 total=442930400 t=809.5s
layer 666 new=2056 total=442932456 t=809.5s
layer 667 new=1952 total=442934408 t=809.5s
layer 668 new=2037 total=442936445 t=809.5s
layer 669 new=2295 total=442938740 t=809.5s
layer 670 new=2625 total=442941365 t=809.5s
layer 671 new=2766 total=442944131 t=809.5s
layer 672 new=2770 total=442946901 t=809.6s
layer 673 new=2805 total=442949706 t=809.6s
layer 674 new=2820 total=442952526 t=809.6s
layer 675 new=2606 total=442955132 t=809.6s
layer 676 new=2321 total=442957453 t=809.6s
layer 677 new=2059 total=442959512 t=809.6s
layer 678 new=1895 total=442961407 t=809.6s
layer 679 new=1834 total=442963241 t=809.6s
layer 680 new=1823 total=442965064 t=809.6s
layer 681 new=1824 total=442966888 t=809.6s
layer 682 new=1800 total=442968688 t=809.6s
layer 683 new=1684 total=442970372 t=809.6s
layer 684 new=1501 total=442971873 t=809.6s
layer 685 new=1272 total=442973145 t=809.6s
layer 686 new=988 total=442974133 t=809.6s
layer 687 new=684 total=442974817 t=809.6s
layer 688 new=488 total=442975305 t=809.6s
layer 689 new=388 total=442975693 t=809.7s
layer 690 new=331 total=442976024 t=809.7s
layer 691 new=345 total=442976369 t=809.7s
layer 692 new=346 total=442976715 t=809.7s
layer 693 new=298 total=442977013 t=809.7s
layer 694 new=235 total=442977248 t=809.7s
layer 695 new=149 total=442977397 t=809.7s
layer 696 new=87 total=442977484 t=809.7s
layer 697 new=44 total=442977528 t=809.7s
layer 698 new=8 total=442977536 t=809.7s
layer 699 new=0 total=442977536 t=809.7s
RESULT cap=26 mode=quot16 size=442977536 radius=698 NOT-TRIVIAL (component exhausted, (x,y) absent)
peak_three_layers=15613732
HIT ms0352 dist=0
HIT ms0366 dist=6
HIT ms1038 dist=31
HIT ms1108 dist=32
HIT ms1031 dist=65
HIT ms0898 dist=65
HIT ms0551 dist=338
HIT ms0740 dist=338
HIT ms1062 dist=344
HIT ms0831 dist=346
HIT ms0439 dist=349
HIT ms0243 dist=350
HIT ms0088 dist=358
HIT ms0137 dist=359
HIT ms0326 dist=362
HIT ms0214 dist=364
HIT ms0256 dist=367
HIT ms0221 dist=368
HIT ms1089 dist=374
HIT ms0732 dist=375
HIT ms1082 dist=379
HIT ms0984 dist=381
HIT ms0564 dist=394
HIT ms1124 dist=395
HIT ms0599 dist=403
HIT ms0879 dist=404
HIT ms0480 dist=404
HIT ms0487 dist=404
HIT ms0522 dist=413
HIT ms0977 dist=416
HIT ms0173 dist=441
HIT ms0117 dist=441
      809.69 real       814.77 user         6.18 sys
          1271693312  maximum resident set size
                   0  average shared memory size
                   0  average unshared data size
                   0  average unshared stack size
              790582  page reclaims
                   6  page faults
                   0  swaps
                   0  block input operations
                   0  block output operations
                   0  messages sent
                   0  messages received
                   0  signals received
                  35  voluntary context switches
              182734  involuntary context switches
      12615522377384  instructions retired
       2778419009173  cycles elapsed
           479921568  peak memory footprint
